---
source: crates/musa-cli/tests/cli.rs
expression: "String::from_utf8_lossy(&output.stderr)"
---
does-not-add-up

  × a meter change must land on a barline
    ╭─[examples/broken/meter-mid-bar.musa:15:17]
 14 │                 g4/4
 15 │                 meter 3/4;
    ·                 ─────┬────
    ·                      ╰── this is 1/4 into measure 2
 16 │                 a4/4
    ╰────
  help: add 3/4 before it, or move it past the next barline

1 problem (1 error)
