---
source: crates/musa-compiler/tests/studio_laws.rs
expression: "format!(\"{studio:#?}\")"
---
StudioSpec {
    patches: {
        "glass_pad": Patch {
            nodes: [
                StudioNode {
                    processor: Oscillator,
                    label: Some(
                        "carrier",
                    ),
                    params: [
                        Value {
                            magnitude: 440.0,
                            unit: Hz,
                        },
                        Value {
                            magnitude: 1.0,
                            unit: Linear,
                        },
                    ],
                    param_spans: [
                        None,
                        None,
                    ],
                    span: Some(
                        SourceSpan {
                            start: 1371,
                            end: 1388,
                        },
                    ),
                    inputs: [],
                },
                StudioNode {
                    processor: Oscillator,
                    label: None,
                    params: [
                        Value {
                            magnitude: 440.0,
                            unit: Hz,
                        },
                        Value {
                            magnitude: 2.0,
                            unit: Linear,
                        },
                    ],
                    param_spans: [
                        None,
                        Some(
                            SourceSpan {
                                start: 1436,
                                end: 1437,
                            },
                        ),
                    ],
                    span: Some(
                        SourceSpan {
                            start: 1411,
                            end: 1438,
                        },
                    ),
                    inputs: [],
                },
                StudioNode {
                    processor: Gain,
                    label: Some(
                        "shimmer",
                    ),
                    params: [
                        Value {
                            magnitude: -15.0,
                            unit: Decibels,
                        },
                    ],
                    param_spans: [
                        Some(
                            SourceSpan {
                                start: 1447,
                                end: 1453,
                            },
                        ),
                    ],
                    span: Some(
                        SourceSpan {
                            start: 1441,
                            end: 1454,
                        },
                    ),
                    inputs: [
                        1,
                    ],
                },
                StudioNode {
                    processor: Mix,
                    label: None,
                    params: [],
                    param_spans: [],
                    span: Some(
                        SourceSpan {
                            start: 1455,
                            end: 1490,
                        },
                    ),
                    inputs: [
                        0,
                        2,
                    ],
                },
                StudioNode {
                    processor: Envelope,
                    label: None,
                    params: [
                        Value {
                            magnitude: 0.03,
                            unit: Seconds,
                        },
                        Value {
                            magnitude: 1.8,
                            unit: Seconds,
                        },
                        Value {
                            magnitude: 0.65,
                            unit: Linear,
                        },
                        Value {
                            magnitude: 3.5,
                            unit: Seconds,
                        },
                    ],
                    param_spans: [
                        Some(
                            SourceSpan {
                                start: 1532,
                                end: 1537,
                            },
                        ),
                        Some(
                            SourceSpan {
                                start: 1546,
                                end: 1551,
                            },
                        ),
                        Some(
                            SourceSpan {
                                start: 1562,
                                end: 1566,
                            },
                        ),
                        Some(
                            SourceSpan {
                                start: 1577,
                                end: 1582,
                            },
                        ),
                    ],
                    span: Some(
                        SourceSpan {
                            start: 1509,
                            end: 1584,
                        },
                    ),
                    inputs: [
                        3,
                    ],
                },
                StudioNode {
                    processor: Lowpass,
                    label: None,
                    params: [
                        Value {
                            magnitude: 1400.0,
                            unit: Hz,
                        },
                        Value {
                            magnitude: 0.7,
                            unit: Linear,
                        },
                    ],
                    param_spans: [
                        Some(
                            SourceSpan {
                                start: 1620,
                                end: 1627,
                            },
                        ),
                        Some(
                            SourceSpan {
                                start: 1632,
                                end: 1635,
                            },
                        ),
                    ],
                    span: Some(
                        SourceSpan {
                            start: 1603,
                            end: 1636,
                        },
                    ),
                    inputs: [
                        4,
                    ],
                },
            ],
            output: Some(
                5,
            ),
        },
    },
    buses: {
        "hall": Patch {
            nodes: [
                StudioNode {
                    processor: Reverb,
                    label: None,
                    params: [
                        Value {
                            magnitude: 0.82,
                            unit: Linear,
                        },
                        Value {
                            magnitude: 0.55,
                            unit: Linear,
                        },
                        Value {
                            magnitude: 1.0,
                            unit: Linear,
                        },
                    ],
                    param_spans: [
                        Some(
                            SourceSpan {
                                start: 1881,
                                end: 1885,
                            },
                        ),
                        Some(
                            SourceSpan {
                                start: 1896,
                                end: 1900,
                            },
                        ),
                        None,
                    ],
                    span: Some(
                        SourceSpan {
                            start: 1855,
                            end: 1901,
                        },
                    ),
                    inputs: [],
                },
            ],
            output: Some(
                0,
            ),
        },
    },
    signals: {
        "lfo": Patch {
            nodes: [
                StudioNode {
                    processor: Oscillator,
                    label: None,
                    params: [
                        Value {
                            magnitude: 0.08,
                            unit: Hz,
                        },
                        Value {
                            magnitude: 1.0,
                            unit: Linear,
                        },
                    ],
                    param_spans: [
                        Some(
                            SourceSpan {
                                start: 1717,
                                end: 1724,
                            },
                        ),
                        None,
                    ],
                    span: Some(
                        SourceSpan {
                            start: 1688,
                            end: 1725,
                        },
                    ),
                    inputs: [],
                },
                StudioNode {
                    processor: Scale,
                    label: None,
                    params: [
                        Value {
                            magnitude: 250.0,
                            unit: Hz,
                        },
                    ],
                    param_spans: [
                        Some(
                            SourceSpan {
                                start: 1747,
                                end: 1753,
                            },
                        ),
                    ],
                    span: Some(
                        SourceSpan {
                            start: 1740,
                            end: 1754,
                        },
                    ),
                    inputs: [
                        0,
                    ],
                },
                StudioNode {
                    processor: Bias,
                    label: None,
                    params: [
                        Value {
                            magnitude: 1400.0,
                            unit: Hz,
                        },
                    ],
                    param_spans: [
                        Some(
                            SourceSpan {
                                start: 1775,
                                end: 1782,
                            },
                        ),
                    ],
                    span: Some(
                        SourceSpan {
                            start: 1769,
                            end: 1783,
                        },
                    ),
                    inputs: [
                        1,
                    ],
                },
            ],
            output: Some(
                2,
            ),
        },
    },
    assignments: {
        "violin": Assignment {
            patch: "glass_pad",
            patch_span: Some(
                SourceSpan {
                    start: 1939,
                    end: 1948,
                },
            ),
        },
        "strings": Assignment {
            patch: "glass_pad",
            patch_span: Some(
                SourceSpan {
                    start: 1976,
                    end: 1985,
                },
            ),
        },
    },
    routes: [
        Route {
            source: "violin",
            destination: "master",
        },
        Route {
            source: "strings",
            destination: "master",
        },
        Route {
            source: "hall",
            destination: "master",
        },
    ],
    sends: [
        Send {
            source: "violin",
            bus: "hall",
            level: Value {
                magnitude: -18.0,
                unit: Decibels,
            },
            level_span: Some(
                SourceSpan {
                    start: 2085,
                    end: 2091,
                },
            ),
        },
        Send {
            source: "strings",
            bus: "hall",
            level: Value {
                magnitude: -14.0,
                unit: Decibels,
            },
            level_span: Some(
                SourceSpan {
                    start: 2125,
                    end: 2131,
                },
            ),
        },
    ],
    modulations: [
        Modulation {
            source: "lfo",
            patch: "glass_pad",
            node: 5,
            param: "cutoff",
        },
    ],
    span: Some(
        SourceSpan {
            start: 1068,
            end: 2168,
        },
    ),
}
