---
source: crates/musa-compiler/tests/suite/studio_laws.rs
expression: "format!(\"{studio:#?}\")"
---
StudioSpec {
    patches: {
        "glass_pad": Patch {
            nodes: [
                StudioNode {
                    processor: Oscillator,
                    label: Some(
                        "carrier",
                    ),
                    params: [
                        None,
                        None,
                    ],
                    param_spans: [
                        None,
                        None,
                    ],
                    span: Some(
                        SourceSpan {
                            start: 1371,
                            end: 1388,
                        },
                    ),
                    inputs: [],
                },
                StudioNode {
                    processor: Oscillator,
                    label: None,
                    params: [
                        None,
                        Some(
                            WrittenQuantity {
                                magnitude: Ratio {
                                    numer: 2,
                                    denom: 1,
                                },
                                unit: Linear,
                            },
                        ),
                    ],
                    param_spans: [
                        None,
                        Some(
                            SourceSpan {
                                start: 1436,
                                end: 1437,
                            },
                        ),
                    ],
                    span: Some(
                        SourceSpan {
                            start: 1411,
                            end: 1438,
                        },
                    ),
                    inputs: [],
                },
                StudioNode {
                    processor: Gain,
                    label: Some(
                        "shimmer",
                    ),
                    params: [
                        Some(
                            WrittenQuantity {
                                magnitude: Ratio {
                                    numer: -15,
                                    denom: 1,
                                },
                                unit: Decibels,
                            },
                        ),
                    ],
                    param_spans: [
                        Some(
                            SourceSpan {
                                start: 1447,
                                end: 1453,
                            },
                        ),
                    ],
                    span: Some(
                        SourceSpan {
                            start: 1441,
                            end: 1454,
                        },
                    ),
                    inputs: [
                        1,
                    ],
                },
                StudioNode {
                    processor: Mix,
                    label: None,
                    params: [],
                    param_spans: [],
                    span: Some(
                        SourceSpan {
                            start: 1455,
                            end: 1490,
                        },
                    ),
                    inputs: [
                        0,
                        2,
                    ],
                },
                StudioNode {
                    processor: Envelope,
                    label: None,
                    params: [
                        Some(
                            WrittenQuantity {
                                magnitude: Ratio {
                                    numer: 3,
                                    denom: 100,
                                },
                                unit: Seconds,
                            },
                        ),
                        Some(
                            WrittenQuantity {
                                magnitude: Ratio {
                                    numer: 9,
                                    denom: 5,
                                },
                                unit: Seconds,
                            },
                        ),
                        Some(
                            WrittenQuantity {
                                magnitude: Ratio {
                                    numer: 13,
                                    denom: 20,
                                },
                                unit: Linear,
                            },
                        ),
                        Some(
                            WrittenQuantity {
                                magnitude: Ratio {
                                    numer: 7,
                                    denom: 2,
                                },
                                unit: Seconds,
                            },
                        ),
                    ],
                    param_spans: [
                        Some(
                            SourceSpan {
                                start: 1532,
                                end: 1537,
                            },
                        ),
                        Some(
                            SourceSpan {
                                start: 1546,
                                end: 1551,
                            },
                        ),
                        Some(
                            SourceSpan {
                                start: 1562,
                                end: 1566,
                            },
                        ),
                        Some(
                            SourceSpan {
                                start: 1577,
                                end: 1582,
                            },
                        ),
                    ],
                    span: Some(
                        SourceSpan {
                            start: 1509,
                            end: 1584,
                        },
                    ),
                    inputs: [
                        3,
                    ],
                },
                StudioNode {
                    processor: Lowpass,
                    label: None,
                    params: [
                        Some(
                            WrittenQuantity {
                                magnitude: Ratio {
                                    numer: 1400,
                                    denom: 1,
                                },
                                unit: Hz,
                            },
                        ),
                        Some(
                            WrittenQuantity {
                                magnitude: Ratio {
                                    numer: 7,
                                    denom: 10,
                                },
                                unit: Linear,
                            },
                        ),
                    ],
                    param_spans: [
                        Some(
                            SourceSpan {
                                start: 1620,
                                end: 1627,
                            },
                        ),
                        Some(
                            SourceSpan {
                                start: 1640,
                                end: 1643,
                            },
                        ),
                    ],
                    span: Some(
                        SourceSpan {
                            start: 1603,
                            end: 1644,
                        },
                    ),
                    inputs: [
                        4,
                    ],
                },
            ],
            output: Some(
                5,
            ),
        },
    },
    buses: {
        "hall": Patch {
            nodes: [
                StudioNode {
                    processor: Reverb,
                    label: None,
                    params: [
                        Some(
                            WrittenQuantity {
                                magnitude: Ratio {
                                    numer: 41,
                                    denom: 50,
                                },
                                unit: Linear,
                            },
                        ),
                        Some(
                            WrittenQuantity {
                                magnitude: Ratio {
                                    numer: 11,
                                    denom: 20,
                                },
                                unit: Linear,
                            },
                        ),
                        None,
                    ],
                    param_spans: [
                        Some(
                            SourceSpan {
                                start: 1889,
                                end: 1893,
                            },
                        ),
                        Some(
                            SourceSpan {
                                start: 1904,
                                end: 1908,
                            },
                        ),
                        None,
                    ],
                    span: Some(
                        SourceSpan {
                            start: 1863,
                            end: 1909,
                        },
                    ),
                    inputs: [],
                },
            ],
            output: Some(
                0,
            ),
        },
    },
    signals: {
        "lfo": Patch {
            nodes: [
                StudioNode {
                    processor: Oscillator,
                    label: None,
                    params: [
                        Some(
                            WrittenQuantity {
                                magnitude: Ratio {
                                    numer: 2,
                                    denom: 25,
                                },
                                unit: Hz,
                            },
                        ),
                        None,
                    ],
                    param_spans: [
                        Some(
                            SourceSpan {
                                start: 1725,
                                end: 1732,
                            },
                        ),
                        None,
                    ],
                    span: Some(
                        SourceSpan {
                            start: 1696,
                            end: 1733,
                        },
                    ),
                    inputs: [],
                },
                StudioNode {
                    processor: Scale,
                    label: None,
                    params: [
                        Some(
                            WrittenQuantity {
                                magnitude: Ratio {
                                    numer: 250,
                                    denom: 1,
                                },
                                unit: Hz,
                            },
                        ),
                    ],
                    param_spans: [
                        Some(
                            SourceSpan {
                                start: 1755,
                                end: 1761,
                            },
                        ),
                    ],
                    span: Some(
                        SourceSpan {
                            start: 1748,
                            end: 1762,
                        },
                    ),
                    inputs: [
                        0,
                    ],
                },
                StudioNode {
                    processor: Bias,
                    label: None,
                    params: [
                        Some(
                            WrittenQuantity {
                                magnitude: Ratio {
                                    numer: 1400,
                                    denom: 1,
                                },
                                unit: Hz,
                            },
                        ),
                    ],
                    param_spans: [
                        Some(
                            SourceSpan {
                                start: 1783,
                                end: 1790,
                            },
                        ),
                    ],
                    span: Some(
                        SourceSpan {
                            start: 1777,
                            end: 1791,
                        },
                    ),
                    inputs: [
                        1,
                    ],
                },
            ],
            output: Some(
                2,
            ),
        },
    },
    assignments: {
        "violin": Assignment {
            patch: "glass_pad",
            patch_span: Some(
                SourceSpan {
                    start: 1947,
                    end: 1956,
                },
            ),
        },
        "strings": Assignment {
            patch: "glass_pad",
            patch_span: Some(
                SourceSpan {
                    start: 1984,
                    end: 1993,
                },
            ),
        },
    },
    routes: [
        Route {
            source: "violin",
            destination: "master",
            span: Some(
                SourceSpan {
                    start: 1994,
                    end: 2027,
                },
            ),
        },
        Route {
            source: "strings",
            destination: "master",
            span: Some(
                SourceSpan {
                    start: 2027,
                    end: 2060,
                },
            ),
        },
        Route {
            source: "hall",
            destination: "master",
            span: Some(
                SourceSpan {
                    start: 2140,
                    end: 2170,
                },
            ),
        },
    ],
    sends: [
        Send {
            source: "violin",
            bus: "hall",
            level: WrittenQuantity {
                magnitude: Ratio {
                    numer: -18,
                    denom: 1,
                },
                unit: Decibels,
            },
            level_span: Some(
                SourceSpan {
                    start: 2093,
                    end: 2099,
                },
            ),
            span: Some(
                SourceSpan {
                    start: 2060,
                    end: 2100,
                },
            ),
        },
        Send {
            source: "strings",
            bus: "hall",
            level: WrittenQuantity {
                magnitude: Ratio {
                    numer: -14,
                    denom: 1,
                },
                unit: Decibels,
            },
            level_span: Some(
                SourceSpan {
                    start: 2133,
                    end: 2139,
                },
            ),
            span: Some(
                SourceSpan {
                    start: 2100,
                    end: 2140,
                },
            ),
        },
    ],
    modulations: [
        Modulation {
            source: "lfo",
            patch: "glass_pad",
            node: 5,
            param: "cutoff",
        },
    ],
    span: Some(
        SourceSpan {
            start: 1068,
            end: 2176,
        },
    ),
}
