---
source: crates/musa-compiler/tests/notation_details_laws.rs
expression: "format!(\"{snapshot:#?}\")"
---
ScoreSnapshot {
    title: "Tuplet Fixture",
    front_matter: FrontMatter {
        subtitle: None,
        composer: None,
        arranger: None,
        copyright: None,
    },
    parts: PartMap {
        parts: {
            PartId(
                0,
            ): Part {
                id: PartId(
                    0,
                ),
                name: "flute",
                voices: {
                    VoiceId(
                        0,
                    ): Voice {
                        events: [
                            ScoreEvent {
                                id: EventId(
                                    0,
                                ),
                                origin: Origin {
                                    source_span: SourceSpan {
                                        start: 539,
                                        end: 543,
                                    },
                                    definition_span: SourceSpan {
                                        start: 539,
                                        end: 543,
                                    },
                                    declaration: DeclarationId(
                                        6,
                                    ),
                                    expansion_path: [],
                                },
                                onset: MusicalTime(
                                    Ratio {
                                        numer: 0,
                                        denom: 1,
                                    },
                                ),
                                notated_duration: NotatedDuration {
                                    value: MusicalDuration(
                                        Ratio {
                                            numer: 1,
                                            denom: 12,
                                        },
                                    ),
                                    spelling: "1/8",
                                    pieces: [
                                        MusicalDuration(
                                            Ratio {
                                                numer: 1,
                                                denom: 12,
                                            },
                                        ),
                                    ],
                                },
                                kind: Note {
                                    pitch: WrittenPitch {
                                        letter: C,
                                        accidental: Accidental(
                                            0,
                                        ),
                                        octave: 5,
                                    },
                                },
                                free: None,
                            },
                            ScoreEvent {
                                id: EventId(
                                    1,
                                ),
                                origin: Origin {
                                    source_span: SourceSpan {
                                        start: 564,
                                        end: 568,
                                    },
                                    definition_span: SourceSpan {
                                        start: 564,
                                        end: 568,
                                    },
                                    declaration: DeclarationId(
                                        6,
                                    ),
                                    expansion_path: [],
                                },
                                onset: MusicalTime(
                                    Ratio {
                                        numer: 1,
                                        denom: 12,
                                    },
                                ),
                                notated_duration: NotatedDuration {
                                    value: MusicalDuration(
                                        Ratio {
                                            numer: 1,
                                            denom: 12,
                                        },
                                    ),
                                    spelling: "1/8",
                                    pieces: [
                                        MusicalDuration(
                                            Ratio {
                                                numer: 1,
                                                denom: 12,
                                            },
                                        ),
                                    ],
                                },
                                kind: Note {
                                    pitch: WrittenPitch {
                                        letter: D,
                                        accidental: Accidental(
                                            0,
                                        ),
                                        octave: 5,
                                    },
                                },
                                free: None,
                            },
                            ScoreEvent {
                                id: EventId(
                                    2,
                                ),
                                origin: Origin {
                                    source_span: SourceSpan {
                                        start: 589,
                                        end: 593,
                                    },
                                    definition_span: SourceSpan {
                                        start: 589,
                                        end: 593,
                                    },
                                    declaration: DeclarationId(
                                        6,
                                    ),
                                    expansion_path: [],
                                },
                                onset: MusicalTime(
                                    Ratio {
                                        numer: 1,
                                        denom: 6,
                                    },
                                ),
                                notated_duration: NotatedDuration {
                                    value: MusicalDuration(
                                        Ratio {
                                            numer: 1,
                                            denom: 12,
                                        },
                                    ),
                                    spelling: "1/8",
                                    pieces: [
                                        MusicalDuration(
                                            Ratio {
                                                numer: 1,
                                                denom: 12,
                                            },
                                        ),
                                    ],
                                },
                                kind: Note {
                                    pitch: WrittenPitch {
                                        letter: E,
                                        accidental: Accidental(
                                            0,
                                        ),
                                        octave: 5,
                                    },
                                },
                                free: None,
                            },
                            ScoreEvent {
                                id: EventId(
                                    3,
                                ),
                                origin: Origin {
                                    source_span: SourceSpan {
                                        start: 655,
                                        end: 659,
                                    },
                                    definition_span: SourceSpan {
                                        start: 655,
                                        end: 659,
                                    },
                                    declaration: DeclarationId(
                                        6,
                                    ),
                                    expansion_path: [],
                                },
                                onset: MusicalTime(
                                    Ratio {
                                        numer: 1,
                                        denom: 4,
                                    },
                                ),
                                notated_duration: NotatedDuration {
                                    value: MusicalDuration(
                                        Ratio {
                                            numer: 1,
                                            denom: 8,
                                        },
                                    ),
                                    spelling: "1/8",
                                    pieces: [
                                        MusicalDuration(
                                            Ratio {
                                                numer: 1,
                                                denom: 8,
                                            },
                                        ),
                                    ],
                                },
                                kind: Note {
                                    pitch: WrittenPitch {
                                        letter: F,
                                        accidental: Accidental(
                                            0,
                                        ),
                                        octave: 5,
                                    },
                                },
                                free: None,
                            },
                            ScoreEvent {
                                id: EventId(
                                    4,
                                ),
                                origin: Origin {
                                    source_span: SourceSpan {
                                        start: 680,
                                        end: 684,
                                    },
                                    definition_span: SourceSpan {
                                        start: 680,
                                        end: 684,
                                    },
                                    declaration: DeclarationId(
                                        6,
                                    ),
                                    expansion_path: [],
                                },
                                onset: MusicalTime(
                                    Ratio {
                                        numer: 3,
                                        denom: 8,
                                    },
                                ),
                                notated_duration: NotatedDuration {
                                    value: MusicalDuration(
                                        Ratio {
                                            numer: 1,
                                            denom: 8,
                                        },
                                    ),
                                    spelling: "1/8",
                                    pieces: [
                                        MusicalDuration(
                                            Ratio {
                                                numer: 1,
                                                denom: 8,
                                            },
                                        ),
                                    ],
                                },
                                kind: Note {
                                    pitch: WrittenPitch {
                                        letter: G,
                                        accidental: Accidental(
                                            0,
                                        ),
                                        octave: 5,
                                    },
                                },
                                free: None,
                            },
                            ScoreEvent {
                                id: EventId(
                                    5,
                                ),
                                origin: Origin {
                                    source_span: SourceSpan {
                                        start: 719,
                                        end: 724,
                                    },
                                    definition_span: SourceSpan {
                                        start: 719,
                                        end: 724,
                                    },
                                    declaration: DeclarationId(
                                        6,
                                    ),
                                    expansion_path: [],
                                },
                                onset: MusicalTime(
                                    Ratio {
                                        numer: 1,
                                        denom: 2,
                                    },
                                ),
                                notated_duration: NotatedDuration {
                                    value: MusicalDuration(
                                        Ratio {
                                            numer: 1,
                                            denom: 4,
                                        },
                                    ),
                                    spelling: "1/4",
                                    pieces: [
                                        MusicalDuration(
                                            Ratio {
                                                numer: 1,
                                                denom: 4,
                                            },
                                        ),
                                    ],
                                },
                                kind: Note {
                                    pitch: WrittenPitch {
                                        letter: A,
                                        accidental: Accidental(
                                            0,
                                        ),
                                        octave: 5,
                                    },
                                },
                                free: None,
                            },
                            ScoreEvent {
                                id: EventId(
                                    6,
                                ),
                                origin: Origin {
                                    source_span: SourceSpan {
                                        start: 741,
                                        end: 756,
                                    },
                                    definition_span: SourceSpan {
                                        start: 741,
                                        end: 756,
                                    },
                                    declaration: DeclarationId(
                                        6,
                                    ),
                                    expansion_path: [],
                                },
                                onset: MusicalTime(
                                    Ratio {
                                        numer: 3,
                                        denom: 4,
                                    },
                                ),
                                notated_duration: NotatedDuration {
                                    value: MusicalDuration(
                                        Ratio {
                                            numer: 1,
                                            denom: 2,
                                        },
                                    ),
                                    spelling: "1/4 ~ 1/4",
                                    pieces: [
                                        MusicalDuration(
                                            Ratio {
                                                numer: 1,
                                                denom: 4,
                                            },
                                        ),
                                        MusicalDuration(
                                            Ratio {
                                                numer: 1,
                                                denom: 4,
                                            },
                                        ),
                                    ],
                                },
                                kind: Note {
                                    pitch: WrittenPitch {
                                        letter: G,
                                        accidental: Accidental(
                                            0,
                                        ),
                                        octave: 5,
                                    },
                                },
                                free: None,
                            },
                            ScoreEvent {
                                id: EventId(
                                    7,
                                ),
                                origin: Origin {
                                    source_span: SourceSpan {
                                        start: 821,
                                        end: 834,
                                    },
                                    definition_span: SourceSpan {
                                        start: 344,
                                        end: 357,
                                    },
                                    declaration: DeclarationId(
                                        4,
                                    ),
                                    expansion_path: [
                                        MotifApplication {
                                            call_site: SourceSpan {
                                                start: 821,
                                                end: 834,
                                            },
                                        },
                                    ],
                                },
                                onset: MusicalTime(
                                    Ratio {
                                        numer: 5,
                                        denom: 4,
                                    },
                                ),
                                notated_duration: NotatedDuration {
                                    value: MusicalDuration(
                                        Ratio {
                                            numer: 1,
                                            denom: 8,
                                        },
                                    ),
                                    spelling: "1/8",
                                    pieces: [
                                        MusicalDuration(
                                            Ratio {
                                                numer: 1,
                                                denom: 8,
                                            },
                                        ),
                                    ],
                                },
                                kind: Note {
                                    pitch: WrittenPitch {
                                        letter: A,
                                        accidental: Accidental(
                                            0,
                                        ),
                                        octave: 4,
                                    },
                                },
                                free: None,
                            },
                            ScoreEvent {
                                id: EventId(
                                    8,
                                ),
                                origin: Origin {
                                    source_span: SourceSpan {
                                        start: 821,
                                        end: 834,
                                    },
                                    definition_span: SourceSpan {
                                        start: 366,
                                        end: 370,
                                    },
                                    declaration: DeclarationId(
                                        4,
                                    ),
                                    expansion_path: [
                                        MotifApplication {
                                            call_site: SourceSpan {
                                                start: 821,
                                                end: 834,
                                            },
                                        },
                                    ],
                                },
                                onset: MusicalTime(
                                    Ratio {
                                        numer: 11,
                                        denom: 8,
                                    },
                                ),
                                notated_duration: NotatedDuration {
                                    value: MusicalDuration(
                                        Ratio {
                                            numer: 1,
                                            denom: 8,
                                        },
                                    ),
                                    spelling: "1/8",
                                    pieces: [
                                        MusicalDuration(
                                            Ratio {
                                                numer: 1,
                                                denom: 8,
                                            },
                                        ),
                                    ],
                                },
                                kind: Note {
                                    pitch: WrittenPitch {
                                        letter: D,
                                        accidental: Accidental(
                                            0,
                                        ),
                                        octave: 5,
                                    },
                                },
                                free: None,
                            },
                            ScoreEvent {
                                id: EventId(
                                    9,
                                ),
                                origin: Origin {
                                    source_span: SourceSpan {
                                        start: 884,
                                        end: 888,
                                    },
                                    definition_span: SourceSpan {
                                        start: 884,
                                        end: 888,
                                    },
                                    declaration: DeclarationId(
                                        6,
                                    ),
                                    expansion_path: [],
                                },
                                onset: MusicalTime(
                                    Ratio {
                                        numer: 3,
                                        denom: 2,
                                    },
                                ),
                                notated_duration: NotatedDuration {
                                    value: MusicalDuration(
                                        Ratio {
                                            numer: 1,
                                            denom: 12,
                                        },
                                    ),
                                    spelling: "1/8",
                                    pieces: [
                                        MusicalDuration(
                                            Ratio {
                                                numer: 1,
                                                denom: 12,
                                            },
                                        ),
                                    ],
                                },
                                kind: Note {
                                    pitch: WrittenPitch {
                                        letter: C,
                                        accidental: Accidental(
                                            0,
                                        ),
                                        octave: 5,
                                    },
                                },
                                free: None,
                            },
                            ScoreEvent {
                                id: EventId(
                                    10,
                                ),
                                origin: Origin {
                                    source_span: SourceSpan {
                                        start: 909,
                                        end: 913,
                                    },
                                    definition_span: SourceSpan {
                                        start: 909,
                                        end: 913,
                                    },
                                    declaration: DeclarationId(
                                        6,
                                    ),
                                    expansion_path: [],
                                },
                                onset: MusicalTime(
                                    Ratio {
                                        numer: 19,
                                        denom: 12,
                                    },
                                ),
                                notated_duration: NotatedDuration {
                                    value: MusicalDuration(
                                        Ratio {
                                            numer: 1,
                                            denom: 12,
                                        },
                                    ),
                                    spelling: "1/8",
                                    pieces: [
                                        MusicalDuration(
                                            Ratio {
                                                numer: 1,
                                                denom: 12,
                                            },
                                        ),
                                    ],
                                },
                                kind: Note {
                                    pitch: WrittenPitch {
                                        letter: D,
                                        accidental: Accidental(
                                            0,
                                        ),
                                        octave: 5,
                                    },
                                },
                                free: None,
                            },
                            ScoreEvent {
                                id: EventId(
                                    11,
                                ),
                                origin: Origin {
                                    source_span: SourceSpan {
                                        start: 934,
                                        end: 938,
                                    },
                                    definition_span: SourceSpan {
                                        start: 934,
                                        end: 938,
                                    },
                                    declaration: DeclarationId(
                                        6,
                                    ),
                                    expansion_path: [],
                                },
                                onset: MusicalTime(
                                    Ratio {
                                        numer: 5,
                                        denom: 3,
                                    },
                                ),
                                notated_duration: NotatedDuration {
                                    value: MusicalDuration(
                                        Ratio {
                                            numer: 1,
                                            denom: 12,
                                        },
                                    ),
                                    spelling: "1/8",
                                    pieces: [
                                        MusicalDuration(
                                            Ratio {
                                                numer: 1,
                                                denom: 12,
                                            },
                                        ),
                                    ],
                                },
                                kind: Note {
                                    pitch: WrittenPitch {
                                        letter: E,
                                        accidental: Accidental(
                                            0,
                                        ),
                                        octave: 5,
                                    },
                                },
                                free: None,
                            },
                            ScoreEvent {
                                id: EventId(
                                    12,
                                ),
                                origin: Origin {
                                    source_span: SourceSpan {
                                        start: 1000,
                                        end: 1005,
                                    },
                                    definition_span: SourceSpan {
                                        start: 1000,
                                        end: 1005,
                                    },
                                    declaration: DeclarationId(
                                        6,
                                    ),
                                    expansion_path: [],
                                },
                                onset: MusicalTime(
                                    Ratio {
                                        numer: 7,
                                        denom: 4,
                                    },
                                ),
                                notated_duration: NotatedDuration {
                                    value: MusicalDuration(
                                        Ratio {
                                            numer: 1,
                                            denom: 8,
                                        },
                                    ),
                                    spelling: "1/8",
                                    pieces: [
                                        MusicalDuration(
                                            Ratio {
                                                numer: 1,
                                                denom: 8,
                                            },
                                        ),
                                    ],
                                },
                                kind: Note {
                                    pitch: WrittenPitch {
                                        letter: B,
                                        accidental: Accidental(
                                            0,
                                        ),
                                        octave: 4,
                                    },
                                },
                                free: None,
                            },
                            ScoreEvent {
                                id: EventId(
                                    13,
                                ),
                                origin: Origin {
                                    source_span: SourceSpan {
                                        start: 1026,
                                        end: 1030,
                                    },
                                    definition_span: SourceSpan {
                                        start: 1026,
                                        end: 1030,
                                    },
                                    declaration: DeclarationId(
                                        6,
                                    ),
                                    expansion_path: [],
                                },
                                onset: MusicalTime(
                                    Ratio {
                                        numer: 15,
                                        denom: 8,
                                    },
                                ),
                                notated_duration: NotatedDuration {
                                    value: MusicalDuration(
                                        Ratio {
                                            numer: 1,
                                            denom: 8,
                                        },
                                    ),
                                    spelling: "1/8",
                                    pieces: [
                                        MusicalDuration(
                                            Ratio {
                                                numer: 1,
                                                denom: 8,
                                            },
                                        ),
                                    ],
                                },
                                kind: Note {
                                    pitch: WrittenPitch {
                                        letter: C,
                                        accidental: Accidental(
                                            0,
                                        ),
                                        octave: 5,
                                    },
                                },
                                free: None,
                            },
                        ],
                    },
                },
                voice_names: {
                    VoiceId(
                        0,
                    ): "lead",
                },
            },
            PartId(
                1,
            ): Part {
                id: PartId(
                    1,
                ),
                name: "cello",
                voices: {
                    VoiceId(
                        0,
                    ): Voice {
                        events: [
                            ScoreEvent {
                                id: EventId(
                                    14,
                                ),
                                origin: Origin {
                                    source_span: SourceSpan {
                                        start: 1187,
                                        end: 1196,
                                    },
                                    definition_span: SourceSpan {
                                        start: 1187,
                                        end: 1196,
                                    },
                                    declaration: DeclarationId(
                                        8,
                                    ),
                                    expansion_path: [],
                                },
                                onset: MusicalTime(
                                    Ratio {
                                        numer: 0,
                                        denom: 1,
                                    },
                                ),
                                notated_duration: NotatedDuration {
                                    value: MusicalDuration(
                                        Ratio {
                                            numer: 1,
                                            denom: 2,
                                        },
                                    ),
                                    spelling: "1/2",
                                    pieces: [
                                        MusicalDuration(
                                            Ratio {
                                                numer: 1,
                                                denom: 2,
                                            },
                                        ),
                                    ],
                                },
                                kind: Chord {
                                    pitches: [
                                        WrittenPitch {
                                            letter: C,
                                            accidental: Accidental(
                                                0,
                                            ),
                                            octave: 3,
                                        },
                                        WrittenPitch {
                                            letter: G,
                                            accidental: Accidental(
                                                0,
                                            ),
                                            octave: 3,
                                        },
                                    ],
                                },
                                free: None,
                            },
                            ScoreEvent {
                                id: EventId(
                                    15,
                                ),
                                origin: Origin {
                                    source_span: SourceSpan {
                                        start: 1213,
                                        end: 1217,
                                    },
                                    definition_span: SourceSpan {
                                        start: 1213,
                                        end: 1217,
                                    },
                                    declaration: DeclarationId(
                                        8,
                                    ),
                                    expansion_path: [],
                                },
                                onset: MusicalTime(
                                    Ratio {
                                        numer: 1,
                                        denom: 2,
                                    },
                                ),
                                notated_duration: NotatedDuration {
                                    value: MusicalDuration(
                                        Ratio {
                                            numer: 1,
                                            denom: 4,
                                        },
                                    ),
                                    spelling: "1/4",
                                    pieces: [
                                        MusicalDuration(
                                            Ratio {
                                                numer: 1,
                                                denom: 4,
                                            },
                                        ),
                                    ],
                                },
                                kind: Note {
                                    pitch: WrittenPitch {
                                        letter: E,
                                        accidental: Accidental(
                                            0,
                                        ),
                                        octave: 3,
                                    },
                                },
                                free: None,
                            },
                            ScoreEvent {
                                id: EventId(
                                    16,
                                ),
                                origin: Origin {
                                    source_span: SourceSpan {
                                        start: 1234,
                                        end: 1240,
                                    },
                                    definition_span: SourceSpan {
                                        start: 1234,
                                        end: 1240,
                                    },
                                    declaration: DeclarationId(
                                        8,
                                    ),
                                    expansion_path: [],
                                },
                                onset: MusicalTime(
                                    Ratio {
                                        numer: 3,
                                        denom: 4,
                                    },
                                ),
                                notated_duration: NotatedDuration {
                                    value: MusicalDuration(
                                        Ratio {
                                            numer: 3,
                                            denom: 4,
                                        },
                                    ),
                                    spelling: "1/4 ~ 1/2",
                                    pieces: [
                                        MusicalDuration(
                                            Ratio {
                                                numer: 1,
                                                denom: 4,
                                            },
                                        ),
                                        MusicalDuration(
                                            Ratio {
                                                numer: 1,
                                                denom: 2,
                                            },
                                        ),
                                    ],
                                },
                                kind: Note {
                                    pitch: WrittenPitch {
                                        letter: G,
                                        accidental: Accidental(
                                            0,
                                        ),
                                        octave: 3,
                                    },
                                },
                                free: None,
                            },
                            ScoreEvent {
                                id: EventId(
                                    17,
                                ),
                                origin: Origin {
                                    source_span: SourceSpan {
                                        start: 1305,
                                        end: 1316,
                                    },
                                    definition_span: SourceSpan {
                                        start: 1305,
                                        end: 1316,
                                    },
                                    declaration: DeclarationId(
                                        8,
                                    ),
                                    expansion_path: [],
                                },
                                onset: MusicalTime(
                                    Ratio {
                                        numer: 3,
                                        denom: 2,
                                    },
                                ),
                                notated_duration: NotatedDuration {
                                    value: MusicalDuration(
                                        Ratio {
                                            numer: 1,
                                            denom: 4,
                                        },
                                    ),
                                    spelling: "1/4",
                                    pieces: [
                                        MusicalDuration(
                                            Ratio {
                                                numer: 1,
                                                denom: 4,
                                            },
                                        ),
                                    ],
                                },
                                kind: Note {
                                    pitch: WrittenPitch {
                                        letter: A,
                                        accidental: Accidental(
                                            0,
                                        ),
                                        octave: 3,
                                    },
                                },
                                free: None,
                            },
                            ScoreEvent {
                                id: EventId(
                                    18,
                                ),
                                origin: Origin {
                                    source_span: SourceSpan {
                                        start: 1337,
                                        end: 1341,
                                    },
                                    definition_span: SourceSpan {
                                        start: 1337,
                                        end: 1341,
                                    },
                                    declaration: DeclarationId(
                                        8,
                                    ),
                                    expansion_path: [],
                                },
                                onset: MusicalTime(
                                    Ratio {
                                        numer: 7,
                                        denom: 4,
                                    },
                                ),
                                notated_duration: NotatedDuration {
                                    value: MusicalDuration(
                                        Ratio {
                                            numer: 1,
                                            denom: 4,
                                        },
                                    ),
                                    spelling: "1/4",
                                    pieces: [
                                        MusicalDuration(
                                            Ratio {
                                                numer: 1,
                                                denom: 4,
                                            },
                                        ),
                                    ],
                                },
                                kind: Note {
                                    pitch: WrittenPitch {
                                        letter: G,
                                        accidental: Accidental(
                                            0,
                                        ),
                                        octave: 3,
                                    },
                                },
                                free: None,
                            },
                        ],
                    },
                },
                voice_names: {
                    VoiceId(
                        0,
                    ): "bass",
                },
            },
        },
    },
    contexts: Contexts {
        keys: ContextTrack {
            kind: Key,
            stretches: [
                Stretch {
                    scope: Piece,
                    start: MusicalTime(
                        Ratio {
                            numer: 0,
                            denom: 1,
                        },
                    ),
                    value: Key {
                        tonic: PitchClass {
                            letter: C,
                            accidental: Accidental(
                                0,
                            ),
                        },
                        mode: Major,
                    },
                },
            ],
        },
        meters: ContextTrack {
            kind: Meter,
            stretches: [
                Stretch {
                    scope: Piece,
                    start: MusicalTime(
                        Ratio {
                            numer: 0,
                            denom: 1,
                        },
                    ),
                    value: Meter {
                        numerator: 4,
                        denominator: 4,
                    },
                },
            ],
        },
        clefs: ContextTrack {
            kind: Clef,
            stretches: [
                Stretch {
                    scope: Part {
                        part: 0,
                    },
                    start: MusicalTime(
                        Ratio {
                            numer: 0,
                            denom: 1,
                        },
                    ),
                    value: Treble,
                },
                Stretch {
                    scope: Part {
                        part: 1,
                    },
                    start: MusicalTime(
                        Ratio {
                            numer: 0,
                            denom: 1,
                        },
                    ),
                    value: Bass,
                },
            ],
        },
        tempos: ContextTrack {
            kind: Tempo,
            stretches: [
                Stretch {
                    scope: Piece,
                    start: MusicalTime(
                        Ratio {
                            numer: 0,
                            denom: 1,
                        },
                    ),
                    value: TempoMarking {
                        metronome: Some(
                            Metronome {
                                beat: Ratio {
                                    numer: 1,
                                    denom: 4,
                                },
                                bpm: 96,
                            },
                        ),
                        text: None,
                        ramp: None,
                    },
                },
            ],
        },
    },
    annotations: AnnotationStore {
        slurs: [
            SlurSpan {
                from: EventId(
                    3,
                ),
                to: EventId(
                    4,
                ),
                origin: Origin {
                    source_span: SourceSpan {
                        start: 628,
                        end: 702,
                    },
                    definition_span: SourceSpan {
                        start: 628,
                        end: 702,
                    },
                    declaration: DeclarationId(
                        6,
                    ),
                    expansion_path: [],
                },
            },
            SlurSpan {
                from: EventId(
                    12,
                ),
                to: EventId(
                    13,
                ),
                origin: Origin {
                    source_span: SourceSpan {
                        start: 973,
                        end: 1048,
                    },
                    definition_span: SourceSpan {
                        start: 973,
                        end: 1048,
                    },
                    declaration: DeclarationId(
                        6,
                    ),
                    expansion_path: [],
                },
            },
            SlurSpan {
                from: EventId(
                    17,
                ),
                to: EventId(
                    18,
                ),
                origin: Origin {
                    source_span: SourceSpan {
                        start: 1278,
                        end: 1359,
                    },
                    definition_span: SourceSpan {
                        start: 1278,
                        end: 1359,
                    },
                    declaration: DeclarationId(
                        8,
                    ),
                    expansion_path: [],
                },
            },
        ],
        tuplets: [
            TupletSpan {
                from: EventId(
                    0,
                ),
                to: EventId(
                    2,
                ),
                num: 3,
                den: 2,
                origin: Origin {
                    source_span: SourceSpan {
                        start: 506,
                        end: 611,
                    },
                    definition_span: SourceSpan {
                        start: 506,
                        end: 611,
                    },
                    declaration: DeclarationId(
                        6,
                    ),
                    expansion_path: [],
                },
            },
            TupletSpan {
                from: EventId(
                    9,
                ),
                to: EventId(
                    11,
                ),
                num: 3,
                den: 2,
                origin: Origin {
                    source_span: SourceSpan {
                        start: 851,
                        end: 956,
                    },
                    definition_span: SourceSpan {
                        start: 851,
                        end: 956,
                    },
                    declaration: DeclarationId(
                        6,
                    ),
                    expansion_path: [],
                },
            },
        ],
        dynamics: [
            DynamicMarking {
                at: EventId(
                    0,
                ),
                mark: Mf,
                origin: Origin {
                    source_span: SourceSpan {
                        start: 478,
                        end: 489,
                    },
                    definition_span: SourceSpan {
                        start: 478,
                        end: 489,
                    },
                    declaration: DeclarationId(
                        6,
                    ),
                    expansion_path: [],
                },
            },
            DynamicMarking {
                at: EventId(
                    7,
                ),
                mark: P,
                origin: Origin {
                    source_span: SourceSpan {
                        start: 794,
                        end: 804,
                    },
                    definition_span: SourceSpan {
                        start: 794,
                        end: 804,
                    },
                    declaration: DeclarationId(
                        6,
                    ),
                    expansion_path: [],
                },
            },
            DynamicMarking {
                at: EventId(
                    14,
                ),
                mark: P,
                origin: Origin {
                    source_span: SourceSpan {
                        start: 1160,
                        end: 1170,
                    },
                    definition_span: SourceSpan {
                        start: 1160,
                        end: 1170,
                    },
                    declaration: DeclarationId(
                        8,
                    ),
                    expansion_path: [],
                },
            },
        ],
        articulations: [
            ArticulationMarking {
                at: EventId(
                    5,
                ),
                mark: Mark("accent"),
                origin: Origin {
                    source_span: SourceSpan {
                        start: 719,
                        end: 724,
                    },
                    definition_span: SourceSpan {
                        start: 719,
                        end: 724,
                    },
                    declaration: DeclarationId(
                        6,
                    ),
                    expansion_path: [],
                },
            },
            ArticulationMarking {
                at: EventId(
                    6,
                ),
                mark: Mark("staccato"),
                origin: Origin {
                    source_span: SourceSpan {
                        start: 741,
                        end: 756,
                    },
                    definition_span: SourceSpan {
                        start: 741,
                        end: 756,
                    },
                    declaration: DeclarationId(
                        6,
                    ),
                    expansion_path: [],
                },
            },
            ArticulationMarking {
                at: EventId(
                    7,
                ),
                mark: Mark("tenuto"),
                origin: Origin {
                    source_span: SourceSpan {
                        start: 821,
                        end: 834,
                    },
                    definition_span: SourceSpan {
                        start: 344,
                        end: 357,
                    },
                    declaration: DeclarationId(
                        4,
                    ),
                    expansion_path: [
                        MotifApplication {
                            call_site: SourceSpan {
                                start: 821,
                                end: 834,
                            },
                        },
                    ],
                },
            },
            ArticulationMarking {
                at: EventId(
                    12,
                ),
                mark: Mark("marcato"),
                origin: Origin {
                    source_span: SourceSpan {
                        start: 1000,
                        end: 1005,
                    },
                    definition_span: SourceSpan {
                        start: 1000,
                        end: 1005,
                    },
                    declaration: DeclarationId(
                        6,
                    ),
                    expansion_path: [],
                },
            },
            ArticulationMarking {
                at: EventId(
                    17,
                ),
                mark: Mark("tenuto"),
                origin: Origin {
                    source_span: SourceSpan {
                        start: 1305,
                        end: 1316,
                    },
                    definition_span: SourceSpan {
                        start: 1305,
                        end: 1316,
                    },
                    declaration: DeclarationId(
                        8,
                    ),
                    expansion_path: [],
                },
            },
        ],
        graces: [],
        phrases: [],
        hairpins: [],
        sections: [],
        harmony: [],
        repeats: [],
        open: [],
        points: [],
        marks: [],
    },
    motifs: [
        MotifDeclaration {
            name: "turn",
            span: SourceSpan {
                start: 305,
                end: 376,
            },
        },
    ],
    profiles: ProfileSet {
        profiles: {},
        parts: {},
    },
    performance: None,
}
