---
source: crates/musa-dsp/src/../tests/suite/studio_laws.rs
expression: "format!(\"{studio:#?}\")"
---
StudioSpec {
    patches: {
        "glass_pad": Patch {
            nodes: [
                StudioNode {
                    processor: Oscillator,
                    label: Some(
                        "carrier",
                    ),
                    params: [
                        Some(
                            WrittenQuantity {
                                magnitude: Ratio {
                                    numer: 1,
                                    denom: 1,
                                },
                                unit: Hz,
                            },
                        ),
                        Some(
                            WrittenQuantity {
                                magnitude: Ratio {
                                    numer: 1,
                                    denom: 1,
                                },
                                unit: Linear,
                            },
                        ),
                    ],
                    param_spans: [
                        None,
                        None,
                    ],
                    span: None,
                    inputs: [],
                },
                StudioNode {
                    processor: Oscillator,
                    label: None,
                    params: [
                        Some(
                            WrittenQuantity {
                                magnitude: Ratio {
                                    numer: 1,
                                    denom: 1,
                                },
                                unit: Hz,
                            },
                        ),
                        Some(
                            WrittenQuantity {
                                magnitude: Ratio {
                                    numer: 2,
                                    denom: 1,
                                },
                                unit: Linear,
                            },
                        ),
                    ],
                    param_spans: [
                        None,
                        None,
                    ],
                    span: None,
                    inputs: [],
                },
                StudioNode {
                    processor: Gain,
                    label: Some(
                        "shimmer",
                    ),
                    params: [
                        Some(
                            WrittenQuantity {
                                magnitude: Ratio {
                                    numer: -15,
                                    denom: 1,
                                },
                                unit: Decibels,
                            },
                        ),
                    ],
                    param_spans: [
                        None,
                    ],
                    span: None,
                    inputs: [
                        1,
                    ],
                },
                StudioNode {
                    processor: Mix,
                    label: None,
                    params: [],
                    param_spans: [],
                    span: None,
                    inputs: [
                        0,
                        2,
                    ],
                },
                StudioNode {
                    processor: Envelope,
                    label: None,
                    params: [
                        Some(
                            WrittenQuantity {
                                magnitude: Ratio {
                                    numer: 3,
                                    denom: 100,
                                },
                                unit: Seconds,
                            },
                        ),
                        Some(
                            WrittenQuantity {
                                magnitude: Ratio {
                                    numer: 9,
                                    denom: 5,
                                },
                                unit: Seconds,
                            },
                        ),
                        Some(
                            WrittenQuantity {
                                magnitude: Ratio {
                                    numer: 13,
                                    denom: 20,
                                },
                                unit: Linear,
                            },
                        ),
                        Some(
                            WrittenQuantity {
                                magnitude: Ratio {
                                    numer: 7,
                                    denom: 2,
                                },
                                unit: Seconds,
                            },
                        ),
                    ],
                    param_spans: [
                        None,
                        None,
                        None,
                        None,
                    ],
                    span: None,
                    inputs: [
                        3,
                    ],
                },
                StudioNode {
                    processor: Lowpass,
                    label: None,
                    params: [
                        Some(
                            WrittenQuantity {
                                magnitude: Ratio {
                                    numer: 1400,
                                    denom: 1,
                                },
                                unit: Hz,
                            },
                        ),
                        Some(
                            WrittenQuantity {
                                magnitude: Ratio {
                                    numer: 7,
                                    denom: 10,
                                },
                                unit: Linear,
                            },
                        ),
                    ],
                    param_spans: [
                        None,
                        None,
                    ],
                    span: None,
                    inputs: [
                        4,
                    ],
                },
            ],
            output: Some(
                5,
            ),
        },
    },
    buses: {
        "hall": Patch {
            nodes: [
                StudioNode {
                    processor: Reverb,
                    label: None,
                    params: [
                        Some(
                            WrittenQuantity {
                                magnitude: Ratio {
                                    numer: 41,
                                    denom: 50,
                                },
                                unit: Linear,
                            },
                        ),
                        Some(
                            WrittenQuantity {
                                magnitude: Ratio {
                                    numer: 11,
                                    denom: 20,
                                },
                                unit: Linear,
                            },
                        ),
                        Some(
                            WrittenQuantity {
                                magnitude: Ratio {
                                    numer: 1,
                                    denom: 1,
                                },
                                unit: Linear,
                            },
                        ),
                    ],
                    param_spans: [
                        None,
                        None,
                        None,
                    ],
                    span: None,
                    inputs: [],
                },
            ],
            output: Some(
                0,
            ),
        },
    },
    signals: {
        "lfo": Patch {
            nodes: [
                StudioNode {
                    processor: Oscillator,
                    label: None,
                    params: [
                        Some(
                            WrittenQuantity {
                                magnitude: Ratio {
                                    numer: 2,
                                    denom: 25,
                                },
                                unit: Hz,
                            },
                        ),
                        Some(
                            WrittenQuantity {
                                magnitude: Ratio {
                                    numer: 1,
                                    denom: 1,
                                },
                                unit: Linear,
                            },
                        ),
                    ],
                    param_spans: [
                        None,
                        None,
                    ],
                    span: None,
                    inputs: [],
                },
                StudioNode {
                    processor: Scale,
                    label: None,
                    params: [
                        Some(
                            WrittenQuantity {
                                magnitude: Ratio {
                                    numer: 250,
                                    denom: 1,
                                },
                                unit: Hz,
                            },
                        ),
                    ],
                    param_spans: [
                        None,
                    ],
                    span: None,
                    inputs: [
                        0,
                    ],
                },
                StudioNode {
                    processor: Bias,
                    label: None,
                    params: [
                        Some(
                            WrittenQuantity {
                                magnitude: Ratio {
                                    numer: 1400,
                                    denom: 1,
                                },
                                unit: Hz,
                            },
                        ),
                    ],
                    param_spans: [
                        None,
                    ],
                    span: None,
                    inputs: [
                        1,
                    ],
                },
            ],
            output: Some(
                2,
            ),
        },
    },
    assignments: {
        "violin": Assignment {
            patch: "glass_pad",
            patch_span: None,
        },
        "strings": Assignment {
            patch: "glass_pad",
            patch_span: None,
        },
    },
    routes: [
        Route {
            source: "violin",
            destination: "master",
            span: None,
        },
        Route {
            source: "strings",
            destination: "master",
            span: None,
        },
        Route {
            source: "hall",
            destination: "master",
            span: None,
        },
    ],
    sends: [
        Send {
            source: "violin",
            bus: "hall",
            level: WrittenQuantity {
                magnitude: Ratio {
                    numer: -18,
                    denom: 1,
                },
                unit: Decibels,
            },
            level_span: None,
            span: None,
        },
        Send {
            source: "strings",
            bus: "hall",
            level: WrittenQuantity {
                magnitude: Ratio {
                    numer: -14,
                    denom: 1,
                },
                unit: Decibels,
            },
            level_span: None,
            span: None,
        },
    ],
    modulations: [
        Modulation {
            source: "lfo",
            patch: "glass_pad",
            node: 5,
            param: "cutoff",
        },
    ],
    span: None,
}
