---
source: crates/musa-render/tests/plan.rs
expression: "format!(\"{rendered:#?}\")"
---
NotationPlan {
    front: FrontMatter {
        title: "Annotated",
        subtitle: None,
        composer: None,
        arranger: None,
        copyright: None,
    },
    staves: [
        StaffPlan {
            name: "piano",
            clef: Some(
                Treble,
            ),
            key: Some(
                KeySignature {
                    fifths: 0,
                    mode: Minor,
                },
            ),
            time_signature: (
                4,
                4,
            ),
            measures: [
                MeasurePlan {
                    number: 1,
                    lanes: [
                        VoiceLane {
                            voice: VoiceId(
                                0,
                            ),
                            name: "lead",
                            items: [
                                NotatedItem {
                                    event: EventId(
                                        0,
                                    ),
                                    kind: Note {
                                        pitch: WrittenPitch {
                                            letter: A,
                                            accidental: Accidental(
                                                0,
                                            ),
                                            octave: 4,
                                        },
                                    },
                                    onset_in_measure: MusicalDuration(
                                        Ratio {
                                            numer: 0,
                                            denom: 1,
                                        },
                                    ),
                                    duration: NotatedDuration {
                                        value: MusicalDuration(
                                            Ratio {
                                                numer: 1,
                                                denom: 4,
                                            },
                                        ),
                                        spelling: "1/4",
                                        pieces: [
                                            MusicalDuration(
                                                Ratio {
                                                    numer: 1,
                                                    denom: 4,
                                                },
                                            ),
                                        ],
                                    },
                                    tie: none,
                                    beam: None,
                                    tuplet: None,
                                    slur: none,
                                    phrase: Some(
                                        PhraseMark {
                                            name: "antecedent",
                                            start: true,
                                            stop: false,
                                        },
                                    ),
                                    hairpin: None,
                                    dynamic: None,
                                    articulations: [],
                                },
                                NotatedItem {
                                    event: EventId(
                                        1,
                                    ),
                                    kind: Note {
                                        pitch: WrittenPitch {
                                            letter: C,
                                            accidental: Accidental(
                                                0,
                                            ),
                                            octave: 5,
                                        },
                                    },
                                    onset_in_measure: MusicalDuration(
                                        Ratio {
                                            numer: 1,
                                            denom: 4,
                                        },
                                    ),
                                    duration: NotatedDuration {
                                        value: MusicalDuration(
                                            Ratio {
                                                numer: 1,
                                                denom: 4,
                                            },
                                        ),
                                        spelling: "1/4",
                                        pieces: [
                                            MusicalDuration(
                                                Ratio {
                                                    numer: 1,
                                                    denom: 4,
                                                },
                                            ),
                                        ],
                                    },
                                    tie: none,
                                    beam: None,
                                    tuplet: None,
                                    slur: none,
                                    phrase: Some(
                                        PhraseMark {
                                            name: "antecedent",
                                            start: false,
                                            stop: false,
                                        },
                                    ),
                                    hairpin: None,
                                    dynamic: None,
                                    articulations: [],
                                },
                                NotatedItem {
                                    event: EventId(
                                        2,
                                    ),
                                    kind: Note {
                                        pitch: WrittenPitch {
                                            letter: E,
                                            accidental: Accidental(
                                                0,
                                            ),
                                            octave: 5,
                                        },
                                    },
                                    onset_in_measure: MusicalDuration(
                                        Ratio {
                                            numer: 1,
                                            denom: 2,
                                        },
                                    ),
                                    duration: NotatedDuration {
                                        value: MusicalDuration(
                                            Ratio {
                                                numer: 1,
                                                denom: 2,
                                            },
                                        ),
                                        spelling: "1/2",
                                        pieces: [
                                            MusicalDuration(
                                                Ratio {
                                                    numer: 1,
                                                    denom: 2,
                                                },
                                            ),
                                        ],
                                    },
                                    tie: none,
                                    beam: None,
                                    tuplet: None,
                                    slur: none,
                                    phrase: Some(
                                        PhraseMark {
                                            name: "antecedent",
                                            start: false,
                                            stop: false,
                                        },
                                    ),
                                    hairpin: None,
                                    dynamic: None,
                                    articulations: [],
                                },
                            ],
                            slurs: [],
                            phrases: [
                                PhraseRange {
                                    name: "antecedent",
                                    from: EventId(
                                        0,
                                    ),
                                    to: EventId(
                                        4,
                                    ),
                                },
                            ],
                            hairpins: [],
                        },
                    ],
                },
                MeasurePlan {
                    number: 2,
                    lanes: [
                        VoiceLane {
                            voice: VoiceId(
                                0,
                            ),
                            name: "lead",
                            items: [
                                NotatedItem {
                                    event: EventId(
                                        3,
                                    ),
                                    kind: Note {
                                        pitch: WrittenPitch {
                                            letter: F,
                                            accidental: Accidental(
                                                0,
                                            ),
                                            octave: 5,
                                        },
                                    },
                                    onset_in_measure: MusicalDuration(
                                        Ratio {
                                            numer: 0,
                                            denom: 1,
                                        },
                                    ),
                                    duration: NotatedDuration {
                                        value: MusicalDuration(
                                            Ratio {
                                                numer: 1,
                                                denom: 2,
                                            },
                                        ),
                                        spelling: "1/2",
                                        pieces: [
                                            MusicalDuration(
                                                Ratio {
                                                    numer: 1,
                                                    denom: 2,
                                                },
                                            ),
                                        ],
                                    },
                                    tie: none,
                                    beam: None,
                                    tuplet: None,
                                    slur: none,
                                    phrase: Some(
                                        PhraseMark {
                                            name: "antecedent",
                                            start: false,
                                            stop: false,
                                        },
                                    ),
                                    hairpin: None,
                                    dynamic: None,
                                    articulations: [],
                                },
                                NotatedItem {
                                    event: EventId(
                                        4,
                                    ),
                                    kind: Note {
                                        pitch: WrittenPitch {
                                            letter: E,
                                            accidental: Accidental(
                                                0,
                                            ),
                                            octave: 5,
                                        },
                                    },
                                    onset_in_measure: MusicalDuration(
                                        Ratio {
                                            numer: 1,
                                            denom: 2,
                                        },
                                    ),
                                    duration: NotatedDuration {
                                        value: MusicalDuration(
                                            Ratio {
                                                numer: 1,
                                                denom: 2,
                                            },
                                        ),
                                        spelling: "1/2",
                                        pieces: [
                                            MusicalDuration(
                                                Ratio {
                                                    numer: 1,
                                                    denom: 2,
                                                },
                                            ),
                                        ],
                                    },
                                    tie: none,
                                    beam: None,
                                    tuplet: None,
                                    slur: none,
                                    phrase: Some(
                                        PhraseMark {
                                            name: "antecedent",
                                            start: false,
                                            stop: true,
                                        },
                                    ),
                                    hairpin: None,
                                    dynamic: None,
                                    articulations: [],
                                },
                            ],
                            slurs: [],
                            phrases: [],
                            hairpins: [],
                        },
                    ],
                },
                MeasurePlan {
                    number: 3,
                    lanes: [
                        VoiceLane {
                            voice: VoiceId(
                                0,
                            ),
                            name: "lead",
                            items: [
                                NotatedItem {
                                    event: EventId(
                                        5,
                                    ),
                                    kind: Note {
                                        pitch: WrittenPitch {
                                            letter: B,
                                            accidental: Accidental(
                                                0,
                                            ),
                                            octave: 4,
                                        },
                                    },
                                    onset_in_measure: MusicalDuration(
                                        Ratio {
                                            numer: 0,
                                            denom: 1,
                                        },
                                    ),
                                    duration: NotatedDuration {
                                        value: MusicalDuration(
                                            Ratio {
                                                numer: 1,
                                                denom: 4,
                                            },
                                        ),
                                        spelling: "1/4",
                                        pieces: [
                                            MusicalDuration(
                                                Ratio {
                                                    numer: 1,
                                                    denom: 4,
                                                },
                                            ),
                                        ],
                                    },
                                    tie: none,
                                    beam: None,
                                    tuplet: None,
                                    slur: none,
                                    phrase: Some(
                                        PhraseMark {
                                            name: "consequent",
                                            start: true,
                                            stop: false,
                                        },
                                    ),
                                    hairpin: None,
                                    dynamic: None,
                                    articulations: [],
                                },
                                NotatedItem {
                                    event: EventId(
                                        6,
                                    ),
                                    kind: Note {
                                        pitch: WrittenPitch {
                                            letter: E,
                                            accidental: Accidental(
                                                0,
                                            ),
                                            octave: 5,
                                        },
                                    },
                                    onset_in_measure: MusicalDuration(
                                        Ratio {
                                            numer: 1,
                                            denom: 4,
                                        },
                                    ),
                                    duration: NotatedDuration {
                                        value: MusicalDuration(
                                            Ratio {
                                                numer: 1,
                                                denom: 4,
                                            },
                                        ),
                                        spelling: "1/4",
                                        pieces: [
                                            MusicalDuration(
                                                Ratio {
                                                    numer: 1,
                                                    denom: 4,
                                                },
                                            ),
                                        ],
                                    },
                                    tie: none,
                                    beam: None,
                                    tuplet: None,
                                    slur: none,
                                    phrase: Some(
                                        PhraseMark {
                                            name: "consequent",
                                            start: false,
                                            stop: false,
                                        },
                                    ),
                                    hairpin: None,
                                    dynamic: None,
                                    articulations: [],
                                },
                                NotatedItem {
                                    event: EventId(
                                        7,
                                    ),
                                    kind: Note {
                                        pitch: WrittenPitch {
                                            letter: G,
                                            accidental: Accidental(
                                                1,
                                            ),
                                            octave: 5,
                                        },
                                    },
                                    onset_in_measure: MusicalDuration(
                                        Ratio {
                                            numer: 1,
                                            denom: 2,
                                        },
                                    ),
                                    duration: NotatedDuration {
                                        value: MusicalDuration(
                                            Ratio {
                                                numer: 1,
                                                denom: 2,
                                            },
                                        ),
                                        spelling: "1/2",
                                        pieces: [
                                            MusicalDuration(
                                                Ratio {
                                                    numer: 1,
                                                    denom: 2,
                                                },
                                            ),
                                        ],
                                    },
                                    tie: none,
                                    beam: None,
                                    tuplet: None,
                                    slur: none,
                                    phrase: Some(
                                        PhraseMark {
                                            name: "consequent",
                                            start: false,
                                            stop: false,
                                        },
                                    ),
                                    hairpin: None,
                                    dynamic: None,
                                    articulations: [],
                                },
                            ],
                            slurs: [],
                            phrases: [
                                PhraseRange {
                                    name: "consequent",
                                    from: EventId(
                                        5,
                                    ),
                                    to: EventId(
                                        8,
                                    ),
                                },
                            ],
                            hairpins: [],
                        },
                    ],
                },
                MeasurePlan {
                    number: 4,
                    lanes: [
                        VoiceLane {
                            voice: VoiceId(
                                0,
                            ),
                            name: "lead",
                            items: [
                                NotatedItem {
                                    event: EventId(
                                        8,
                                    ),
                                    kind: Note {
                                        pitch: WrittenPitch {
                                            letter: A,
                                            accidental: Accidental(
                                                0,
                                            ),
                                            octave: 5,
                                        },
                                    },
                                    onset_in_measure: MusicalDuration(
                                        Ratio {
                                            numer: 0,
                                            denom: 1,
                                        },
                                    ),
                                    duration: NotatedDuration {
                                        value: MusicalDuration(
                                            Ratio {
                                                numer: 1,
                                                denom: 1,
                                            },
                                        ),
                                        spelling: "1",
                                        pieces: [
                                            MusicalDuration(
                                                Ratio {
                                                    numer: 1,
                                                    denom: 1,
                                                },
                                            ),
                                        ],
                                    },
                                    tie: none,
                                    beam: None,
                                    tuplet: None,
                                    slur: none,
                                    phrase: Some(
                                        PhraseMark {
                                            name: "consequent",
                                            start: false,
                                            stop: true,
                                        },
                                    ),
                                    hairpin: None,
                                    dynamic: None,
                                    articulations: [],
                                },
                            ],
                            slurs: [],
                            phrases: [],
                            hairpins: [],
                        },
                    ],
                },
            ],
        },
    ],
    tempos: [
        PositionedMark {
            measure: 1,
            onset_in_measure: MusicalDuration(
                Ratio {
                    numer: 0,
                    denom: 1,
                },
            ),
            what: TempoText {
                beat: Ratio {
                    numer: 1,
                    denom: 4,
                },
                bpm: 96,
            },
        },
    ],
    sections: [
        PositionedMark {
            measure: 1,
            onset_in_measure: MusicalDuration(
                Ratio {
                    numer: 0,
                    denom: 1,
                },
            ),
            what: "Exposition",
        },
        PositionedMark {
            measure: 3,
            onset_in_measure: MusicalDuration(
                Ratio {
                    numer: 0,
                    denom: 1,
                },
            ),
            what: "Development",
        },
    ],
    harmony: [
        PositionedMark {
            measure: 1,
            onset_in_measure: MusicalDuration(
                Ratio {
                    numer: 0,
                    denom: 1,
                },
            ),
            what: ChordSymbol {
                letter: A,
                accidental: Accidental(
                    0,
                ),
                quality: Minor,
                seventh: None,
                extension: None,
                text: "am",
            },
        },
        PositionedMark {
            measure: 2,
            onset_in_measure: MusicalDuration(
                Ratio {
                    numer: 0,
                    denom: 1,
                },
            ),
            what: ChordSymbol {
                letter: F,
                accidental: Accidental(
                    0,
                ),
                quality: Major,
                seventh: Some(
                    Major,
                ),
                extension: None,
                text: "fmaj7",
            },
        },
        PositionedMark {
            measure: 3,
            onset_in_measure: MusicalDuration(
                Ratio {
                    numer: 0,
                    denom: 1,
                },
            ),
            what: ChordSymbol {
                letter: E,
                accidental: Accidental(
                    0,
                ),
                quality: Major,
                seventh: Some(
                    Minor,
                ),
                extension: None,
                text: "e7",
            },
        },
        PositionedMark {
            measure: 4,
            onset_in_measure: MusicalDuration(
                Ratio {
                    numer: 0,
                    denom: 1,
                },
            ),
            what: ChordSymbol {
                letter: A,
                accidental: Accidental(
                    0,
                ),
                quality: Minor,
                seventh: None,
                extension: None,
                text: "am",
            },
        },
    ],
}
