---
source: crates/musa-render/tests/plan.rs
expression: "format!(\"{rendered:#?}\")"
---
NotationPlan {
    front: FrontMatter {
        title: "Two Ways Home",
        subtitle: None,
        composer: None,
        arranger: None,
        copyright: None,
    },
    staves: [
        StaffPlan {
            name: "flute",
            clef: Some(
                Treble,
            ),
            key: Some(
                KeySignature {
                    fifths: 1,
                    mode: Major,
                },
            ),
            time_signature: (
                4,
                4,
            ),
            measures: [
                MeasurePlan {
                    number: 1,
                    meter: Meter {
                        numerator: 4,
                        denominator: 4,
                    },
                    length: MusicalDuration(
                        Ratio {
                            numer: 1,
                            denom: 1,
                        },
                    ),
                    time_signature: Some(
                        (
                            4,
                            4,
                        ),
                    ),
                    key: Some(
                        KeySignature {
                            fifths: 1,
                            mode: Major,
                        },
                    ),
                    clefs: [],
                    lanes: [
                        VoiceLane {
                            voice: VoiceId(
                                0,
                            ),
                            name: "tune",
                            items: [
                                NotatedItem {
                                    event: EventId(
                                        0,
                                    ),
                                    kind: Note {
                                        pitch: WrittenPitch {
                                            letter: D,
                                            accidental: Accidental(
                                                0,
                                            ),
                                            octave: 5,
                                        },
                                    },
                                    onset_in_measure: MusicalDuration(
                                        Ratio {
                                            numer: 0,
                                            denom: 1,
                                        },
                                    ),
                                    duration: NotatedDuration {
                                        value: MusicalDuration(
                                            Ratio {
                                                numer: 1,
                                                denom: 4,
                                            },
                                        ),
                                        spelling: "1/4",
                                        pieces: [
                                            MusicalDuration(
                                                Ratio {
                                                    numer: 1,
                                                    denom: 4,
                                                },
                                            ),
                                        ],
                                    },
                                    tie: none,
                                    beam: None,
                                    tuplet: None,
                                    slur: none,
                                    phrase: None,
                                    hairpin: None,
                                    dynamic: None,
                                    articulations: [],
                                    graces: [],
                                    spans: [],
                                    free: None,
                                },
                                NotatedItem {
                                    event: EventId(
                                        1,
                                    ),
                                    kind: Note {
                                        pitch: WrittenPitch {
                                            letter: G,
                                            accidental: Accidental(
                                                0,
                                            ),
                                            octave: 5,
                                        },
                                    },
                                    onset_in_measure: MusicalDuration(
                                        Ratio {
                                            numer: 1,
                                            denom: 4,
                                        },
                                    ),
                                    duration: NotatedDuration {
                                        value: MusicalDuration(
                                            Ratio {
                                                numer: 1,
                                                denom: 4,
                                            },
                                        ),
                                        spelling: "1/4",
                                        pieces: [
                                            MusicalDuration(
                                                Ratio {
                                                    numer: 1,
                                                    denom: 4,
                                                },
                                            ),
                                        ],
                                    },
                                    tie: none,
                                    beam: None,
                                    tuplet: None,
                                    slur: none,
                                    phrase: None,
                                    hairpin: None,
                                    dynamic: None,
                                    articulations: [],
                                    graces: [],
                                    spans: [],
                                    free: None,
                                },
                                NotatedItem {
                                    event: EventId(
                                        2,
                                    ),
                                    kind: Note {
                                        pitch: WrittenPitch {
                                            letter: F,
                                            accidental: Accidental(
                                                1,
                                            ),
                                            octave: 5,
                                        },
                                    },
                                    onset_in_measure: MusicalDuration(
                                        Ratio {
                                            numer: 1,
                                            denom: 2,
                                        },
                                    ),
                                    duration: NotatedDuration {
                                        value: MusicalDuration(
                                            Ratio {
                                                numer: 1,
                                                denom: 4,
                                            },
                                        ),
                                        spelling: "1/4",
                                        pieces: [
                                            MusicalDuration(
                                                Ratio {
                                                    numer: 1,
                                                    denom: 4,
                                                },
                                            ),
                                        ],
                                    },
                                    tie: none,
                                    beam: None,
                                    tuplet: None,
                                    slur: none,
                                    phrase: None,
                                    hairpin: None,
                                    dynamic: None,
                                    articulations: [],
                                    graces: [],
                                    spans: [],
                                    free: None,
                                },
                                NotatedItem {
                                    event: EventId(
                                        3,
                                    ),
                                    kind: Note {
                                        pitch: WrittenPitch {
                                            letter: G,
                                            accidental: Accidental(
                                                0,
                                            ),
                                            octave: 5,
                                        },
                                    },
                                    onset_in_measure: MusicalDuration(
                                        Ratio {
                                            numer: 3,
                                            denom: 4,
                                        },
                                    ),
                                    duration: NotatedDuration {
                                        value: MusicalDuration(
                                            Ratio {
                                                numer: 1,
                                                denom: 4,
                                            },
                                        ),
                                        spelling: "1/4",
                                        pieces: [
                                            MusicalDuration(
                                                Ratio {
                                                    numer: 1,
                                                    denom: 4,
                                                },
                                            ),
                                        ],
                                    },
                                    tie: none,
                                    beam: None,
                                    tuplet: None,
                                    slur: none,
                                    phrase: None,
                                    hairpin: None,
                                    dynamic: None,
                                    articulations: [],
                                    graces: [],
                                    spans: [],
                                    free: None,
                                },
                            ],
                            slurs: [],
                            phrases: [],
                            hairpins: [],
                            points: [],
                            marks: [],
                        },
                    ],
                },
                MeasurePlan {
                    number: 2,
                    meter: Meter {
                        numerator: 4,
                        denominator: 4,
                    },
                    length: MusicalDuration(
                        Ratio {
                            numer: 1,
                            denom: 1,
                        },
                    ),
                    time_signature: None,
                    key: None,
                    clefs: [],
                    lanes: [
                        VoiceLane {
                            voice: VoiceId(
                                0,
                            ),
                            name: "tune",
                            items: [
                                NotatedItem {
                                    event: EventId(
                                        4,
                                    ),
                                    kind: Note {
                                        pitch: WrittenPitch {
                                            letter: A,
                                            accidental: Accidental(
                                                0,
                                            ),
                                            octave: 5,
                                        },
                                    },
                                    onset_in_measure: MusicalDuration(
                                        Ratio {
                                            numer: 0,
                                            denom: 1,
                                        },
                                    ),
                                    duration: NotatedDuration {
                                        value: MusicalDuration(
                                            Ratio {
                                                numer: 1,
                                                denom: 2,
                                            },
                                        ),
                                        spelling: "1/2",
                                        pieces: [
                                            MusicalDuration(
                                                Ratio {
                                                    numer: 1,
                                                    denom: 2,
                                                },
                                            ),
                                        ],
                                    },
                                    tie: none,
                                    beam: None,
                                    tuplet: None,
                                    slur: none,
                                    phrase: None,
                                    hairpin: None,
                                    dynamic: None,
                                    articulations: [],
                                    graces: [],
                                    spans: [],
                                    free: None,
                                },
                                NotatedItem {
                                    event: EventId(
                                        5,
                                    ),
                                    kind: Note {
                                        pitch: WrittenPitch {
                                            letter: B,
                                            accidental: Accidental(
                                                0,
                                            ),
                                            octave: 5,
                                        },
                                    },
                                    onset_in_measure: MusicalDuration(
                                        Ratio {
                                            numer: 1,
                                            denom: 2,
                                        },
                                    ),
                                    duration: NotatedDuration {
                                        value: MusicalDuration(
                                            Ratio {
                                                numer: 1,
                                                denom: 2,
                                            },
                                        ),
                                        spelling: "1/2",
                                        pieces: [
                                            MusicalDuration(
                                                Ratio {
                                                    numer: 1,
                                                    denom: 2,
                                                },
                                            ),
                                        ],
                                    },
                                    tie: none,
                                    beam: None,
                                    tuplet: None,
                                    slur: none,
                                    phrase: None,
                                    hairpin: None,
                                    dynamic: None,
                                    articulations: [],
                                    graces: [],
                                    spans: [],
                                    free: None,
                                },
                            ],
                            slurs: [],
                            phrases: [],
                            hairpins: [],
                            points: [],
                            marks: [],
                        },
                    ],
                },
                MeasurePlan {
                    number: 3,
                    meter: Meter {
                        numerator: 4,
                        denominator: 4,
                    },
                    length: MusicalDuration(
                        Ratio {
                            numer: 1,
                            denom: 1,
                        },
                    ),
                    time_signature: None,
                    key: None,
                    clefs: [],
                    lanes: [
                        VoiceLane {
                            voice: VoiceId(
                                0,
                            ),
                            name: "tune",
                            items: [
                                NotatedItem {
                                    event: EventId(
                                        6,
                                    ),
                                    kind: Note {
                                        pitch: WrittenPitch {
                                            letter: A,
                                            accidental: Accidental(
                                                0,
                                            ),
                                            octave: 5,
                                        },
                                    },
                                    onset_in_measure: MusicalDuration(
                                        Ratio {
                                            numer: 0,
                                            denom: 1,
                                        },
                                    ),
                                    duration: NotatedDuration {
                                        value: MusicalDuration(
                                            Ratio {
                                                numer: 1,
                                                denom: 2,
                                            },
                                        ),
                                        spelling: "1/2",
                                        pieces: [
                                            MusicalDuration(
                                                Ratio {
                                                    numer: 1,
                                                    denom: 2,
                                                },
                                            ),
                                        ],
                                    },
                                    tie: none,
                                    beam: None,
                                    tuplet: None,
                                    slur: none,
                                    phrase: None,
                                    hairpin: None,
                                    dynamic: None,
                                    articulations: [],
                                    graces: [],
                                    spans: [],
                                    free: None,
                                },
                                NotatedItem {
                                    event: EventId(
                                        7,
                                    ),
                                    kind: Note {
                                        pitch: WrittenPitch {
                                            letter: D,
                                            accidental: Accidental(
                                                0,
                                            ),
                                            octave: 5,
                                        },
                                    },
                                    onset_in_measure: MusicalDuration(
                                        Ratio {
                                            numer: 1,
                                            denom: 2,
                                        },
                                    ),
                                    duration: NotatedDuration {
                                        value: MusicalDuration(
                                            Ratio {
                                                numer: 1,
                                                denom: 2,
                                            },
                                        ),
                                        spelling: "1/2",
                                        pieces: [
                                            MusicalDuration(
                                                Ratio {
                                                    numer: 1,
                                                    denom: 2,
                                                },
                                            ),
                                        ],
                                    },
                                    tie: none,
                                    beam: None,
                                    tuplet: None,
                                    slur: none,
                                    phrase: None,
                                    hairpin: None,
                                    dynamic: None,
                                    articulations: [],
                                    graces: [],
                                    spans: [],
                                    free: None,
                                },
                            ],
                            slurs: [],
                            phrases: [],
                            hairpins: [],
                            points: [],
                            marks: [],
                        },
                    ],
                },
                MeasurePlan {
                    number: 4,
                    meter: Meter {
                        numerator: 4,
                        denominator: 4,
                    },
                    length: MusicalDuration(
                        Ratio {
                            numer: 1,
                            denom: 1,
                        },
                    ),
                    time_signature: None,
                    key: None,
                    clefs: [],
                    lanes: [
                        VoiceLane {
                            voice: VoiceId(
                                0,
                            ),
                            name: "tune",
                            items: [
                                NotatedItem {
                                    event: EventId(
                                        14,
                                    ),
                                    kind: Note {
                                        pitch: WrittenPitch {
                                            letter: G,
                                            accidental: Accidental(
                                                0,
                                            ),
                                            octave: 5,
                                        },
                                    },
                                    onset_in_measure: MusicalDuration(
                                        Ratio {
                                            numer: 0,
                                            denom: 1,
                                        },
                                    ),
                                    duration: NotatedDuration {
                                        value: MusicalDuration(
                                            Ratio {
                                                numer: 1,
                                                denom: 1,
                                            },
                                        ),
                                        spelling: "1",
                                        pieces: [
                                            MusicalDuration(
                                                Ratio {
                                                    numer: 1,
                                                    denom: 1,
                                                },
                                            ),
                                        ],
                                    },
                                    tie: none,
                                    beam: None,
                                    tuplet: None,
                                    slur: none,
                                    phrase: None,
                                    hairpin: None,
                                    dynamic: None,
                                    articulations: [],
                                    graces: [],
                                    spans: [],
                                    free: None,
                                },
                            ],
                            slurs: [],
                            phrases: [],
                            hairpins: [],
                            points: [],
                            marks: [],
                        },
                    ],
                },
            ],
            tempos: [],
        },
        StaffPlan {
            name: "cello",
            clef: Some(
                Bass,
            ),
            key: Some(
                KeySignature {
                    fifths: 1,
                    mode: Major,
                },
            ),
            time_signature: (
                4,
                4,
            ),
            measures: [
                MeasurePlan {
                    number: 1,
                    meter: Meter {
                        numerator: 4,
                        denominator: 4,
                    },
                    length: MusicalDuration(
                        Ratio {
                            numer: 1,
                            denom: 1,
                        },
                    ),
                    time_signature: Some(
                        (
                            4,
                            4,
                        ),
                    ),
                    key: Some(
                        KeySignature {
                            fifths: 1,
                            mode: Major,
                        },
                    ),
                    clefs: [],
                    lanes: [
                        VoiceLane {
                            voice: VoiceId(
                                0,
                            ),
                            name: "line",
                            items: [
                                NotatedItem {
                                    event: EventId(
                                        15,
                                    ),
                                    kind: Note {
                                        pitch: WrittenPitch {
                                            letter: G,
                                            accidental: Accidental(
                                                0,
                                            ),
                                            octave: 2,
                                        },
                                    },
                                    onset_in_measure: MusicalDuration(
                                        Ratio {
                                            numer: 0,
                                            denom: 1,
                                        },
                                    ),
                                    duration: NotatedDuration {
                                        value: MusicalDuration(
                                            Ratio {
                                                numer: 1,
                                                denom: 2,
                                            },
                                        ),
                                        spelling: "1/2",
                                        pieces: [
                                            MusicalDuration(
                                                Ratio {
                                                    numer: 1,
                                                    denom: 2,
                                                },
                                            ),
                                        ],
                                    },
                                    tie: none,
                                    beam: None,
                                    tuplet: None,
                                    slur: none,
                                    phrase: None,
                                    hairpin: None,
                                    dynamic: None,
                                    articulations: [],
                                    graces: [],
                                    spans: [],
                                    free: None,
                                },
                                NotatedItem {
                                    event: EventId(
                                        16,
                                    ),
                                    kind: Note {
                                        pitch: WrittenPitch {
                                            letter: B,
                                            accidental: Accidental(
                                                0,
                                            ),
                                            octave: 2,
                                        },
                                    },
                                    onset_in_measure: MusicalDuration(
                                        Ratio {
                                            numer: 1,
                                            denom: 2,
                                        },
                                    ),
                                    duration: NotatedDuration {
                                        value: MusicalDuration(
                                            Ratio {
                                                numer: 1,
                                                denom: 2,
                                            },
                                        ),
                                        spelling: "1/2",
                                        pieces: [
                                            MusicalDuration(
                                                Ratio {
                                                    numer: 1,
                                                    denom: 2,
                                                },
                                            ),
                                        ],
                                    },
                                    tie: none,
                                    beam: None,
                                    tuplet: None,
                                    slur: none,
                                    phrase: None,
                                    hairpin: None,
                                    dynamic: None,
                                    articulations: [],
                                    graces: [],
                                    spans: [],
                                    free: None,
                                },
                            ],
                            slurs: [],
                            phrases: [],
                            hairpins: [],
                            points: [],
                            marks: [],
                        },
                    ],
                },
                MeasurePlan {
                    number: 2,
                    meter: Meter {
                        numerator: 4,
                        denominator: 4,
                    },
                    length: MusicalDuration(
                        Ratio {
                            numer: 1,
                            denom: 1,
                        },
                    ),
                    time_signature: None,
                    key: None,
                    clefs: [],
                    lanes: [
                        VoiceLane {
                            voice: VoiceId(
                                0,
                            ),
                            name: "line",
                            items: [
                                NotatedItem {
                                    event: EventId(
                                        17,
                                    ),
                                    kind: Note {
                                        pitch: WrittenPitch {
                                            letter: D,
                                            accidental: Accidental(
                                                0,
                                            ),
                                            octave: 3,
                                        },
                                    },
                                    onset_in_measure: MusicalDuration(
                                        Ratio {
                                            numer: 0,
                                            denom: 1,
                                        },
                                    ),
                                    duration: NotatedDuration {
                                        value: MusicalDuration(
                                            Ratio {
                                                numer: 1,
                                                denom: 2,
                                            },
                                        ),
                                        spelling: "1/2",
                                        pieces: [
                                            MusicalDuration(
                                                Ratio {
                                                    numer: 1,
                                                    denom: 2,
                                                },
                                            ),
                                        ],
                                    },
                                    tie: none,
                                    beam: None,
                                    tuplet: None,
                                    slur: none,
                                    phrase: None,
                                    hairpin: None,
                                    dynamic: None,
                                    articulations: [],
                                    graces: [],
                                    spans: [],
                                    free: None,
                                },
                                NotatedItem {
                                    event: EventId(
                                        18,
                                    ),
                                    kind: Note {
                                        pitch: WrittenPitch {
                                            letter: G,
                                            accidental: Accidental(
                                                0,
                                            ),
                                            octave: 2,
                                        },
                                    },
                                    onset_in_measure: MusicalDuration(
                                        Ratio {
                                            numer: 1,
                                            denom: 2,
                                        },
                                    ),
                                    duration: NotatedDuration {
                                        value: MusicalDuration(
                                            Ratio {
                                                numer: 1,
                                                denom: 2,
                                            },
                                        ),
                                        spelling: "1/2",
                                        pieces: [
                                            MusicalDuration(
                                                Ratio {
                                                    numer: 1,
                                                    denom: 2,
                                                },
                                            ),
                                        ],
                                    },
                                    tie: none,
                                    beam: None,
                                    tuplet: None,
                                    slur: none,
                                    phrase: None,
                                    hairpin: None,
                                    dynamic: None,
                                    articulations: [],
                                    graces: [],
                                    spans: [],
                                    free: None,
                                },
                            ],
                            slurs: [],
                            phrases: [],
                            hairpins: [],
                            points: [],
                            marks: [],
                        },
                    ],
                },
                MeasurePlan {
                    number: 3,
                    meter: Meter {
                        numerator: 4,
                        denominator: 4,
                    },
                    length: MusicalDuration(
                        Ratio {
                            numer: 1,
                            denom: 1,
                        },
                    ),
                    time_signature: None,
                    key: None,
                    clefs: [],
                    lanes: [
                        VoiceLane {
                            voice: VoiceId(
                                0,
                            ),
                            name: "line",
                            items: [
                                NotatedItem {
                                    event: EventId(
                                        19,
                                    ),
                                    kind: Note {
                                        pitch: WrittenPitch {
                                            letter: C,
                                            accidental: Accidental(
                                                0,
                                            ),
                                            octave: 3,
                                        },
                                    },
                                    onset_in_measure: MusicalDuration(
                                        Ratio {
                                            numer: 0,
                                            denom: 1,
                                        },
                                    ),
                                    duration: NotatedDuration {
                                        value: MusicalDuration(
                                            Ratio {
                                                numer: 1,
                                                denom: 2,
                                            },
                                        ),
                                        spelling: "1/2",
                                        pieces: [
                                            MusicalDuration(
                                                Ratio {
                                                    numer: 1,
                                                    denom: 2,
                                                },
                                            ),
                                        ],
                                    },
                                    tie: none,
                                    beam: None,
                                    tuplet: None,
                                    slur: none,
                                    phrase: None,
                                    hairpin: None,
                                    dynamic: None,
                                    articulations: [],
                                    graces: [],
                                    spans: [],
                                    free: None,
                                },
                                NotatedItem {
                                    event: EventId(
                                        20,
                                    ),
                                    kind: Note {
                                        pitch: WrittenPitch {
                                            letter: A,
                                            accidental: Accidental(
                                                0,
                                            ),
                                            octave: 2,
                                        },
                                    },
                                    onset_in_measure: MusicalDuration(
                                        Ratio {
                                            numer: 1,
                                            denom: 2,
                                        },
                                    ),
                                    duration: NotatedDuration {
                                        value: MusicalDuration(
                                            Ratio {
                                                numer: 1,
                                                denom: 2,
                                            },
                                        ),
                                        spelling: "1/2",
                                        pieces: [
                                            MusicalDuration(
                                                Ratio {
                                                    numer: 1,
                                                    denom: 2,
                                                },
                                            ),
                                        ],
                                    },
                                    tie: none,
                                    beam: None,
                                    tuplet: None,
                                    slur: none,
                                    phrase: None,
                                    hairpin: None,
                                    dynamic: None,
                                    articulations: [],
                                    graces: [],
                                    spans: [],
                                    free: None,
                                },
                            ],
                            slurs: [],
                            phrases: [],
                            hairpins: [],
                            points: [],
                            marks: [],
                        },
                    ],
                },
                MeasurePlan {
                    number: 4,
                    meter: Meter {
                        numerator: 4,
                        denominator: 4,
                    },
                    length: MusicalDuration(
                        Ratio {
                            numer: 1,
                            denom: 1,
                        },
                    ),
                    time_signature: None,
                    key: None,
                    clefs: [],
                    lanes: [
                        VoiceLane {
                            voice: VoiceId(
                                0,
                            ),
                            name: "line",
                            items: [
                                NotatedItem {
                                    event: EventId(
                                        25,
                                    ),
                                    kind: Note {
                                        pitch: WrittenPitch {
                                            letter: G,
                                            accidental: Accidental(
                                                0,
                                            ),
                                            octave: 2,
                                        },
                                    },
                                    onset_in_measure: MusicalDuration(
                                        Ratio {
                                            numer: 0,
                                            denom: 1,
                                        },
                                    ),
                                    duration: NotatedDuration {
                                        value: MusicalDuration(
                                            Ratio {
                                                numer: 1,
                                                denom: 1,
                                            },
                                        ),
                                        spelling: "1",
                                        pieces: [
                                            MusicalDuration(
                                                Ratio {
                                                    numer: 1,
                                                    denom: 1,
                                                },
                                            ),
                                        ],
                                    },
                                    tie: none,
                                    beam: None,
                                    tuplet: None,
                                    slur: none,
                                    phrase: None,
                                    hairpin: None,
                                    dynamic: None,
                                    articulations: [],
                                    graces: [],
                                    spans: [],
                                    free: None,
                                },
                            ],
                            slurs: [],
                            phrases: [],
                            hairpins: [],
                            points: [],
                            marks: [],
                        },
                    ],
                },
            ],
            tempos: [],
        },
    ],
    tempos: [
        PositionedMark {
            measure: 1,
            onset_in_measure: MusicalDuration(
                Ratio {
                    numer: 0,
                    denom: 1,
                },
            ),
            what: TempoText {
                metronome: Some(
                    Metronome {
                        beat: Ratio {
                            numer: 1,
                            denom: 4,
                        },
                        bpm: 108,
                    },
                ),
                text: None,
            },
        },
    ],
    sections: [],
    harmony: [],
    repeats: [
        RepeatMark {
            from: 1,
            to: 2,
            times: 2,
            endings: [
                VoltaMark {
                    passes: [
                        1,
                    ],
                    from: 3,
                    to: 3,
                },
                VoltaMark {
                    passes: [
                        2,
                    ],
                    from: 4,
                    to: 4,
                },
            ],
        },
    ],
    open: [],
    holds: [],
}
