---
source: crates/musa-language/tests/formatter.rs
expression: formatted
---
piece "C" {
    // header comment
    meter 4/4; // trailing
    score {
        part p {
            voice v {
                c5 1/4; /* inline block */
                // detached comment
                d5 1/4;
            }
        }
    }
}
