---
source: crates/musa-language/tests/parser.rs
expression: print_tree(&doc.syntax())
---
Root@0..1831
  PieceDecl@0..1830
    PieceKw@0..5 "piece"
    Whitespace@5..6 " "
    String@6..22 "\"Glass Mountain\""
    Whitespace@22..23 " "
    LBrace@23..24 "{"
    TempoStmt@24..48
      Whitespace@24..29 "\n    "
      TempoKw@29..34 "tempo"
      Whitespace@34..35 " "
      Identifier@35..42 "quarter"
      Whitespace@42..43 " "
      Equals@43..44 "="
      Whitespace@44..45 " "
      Integer@45..47 "72"
      Semicolon@47..48 ";"
    MeterStmt@48..63
      Whitespace@48..53 "\n    "
      MeterKw@53..58 "meter"
      Whitespace@58..59 " "
      Rational@59..62 "4/4"
      Semicolon@62..63 ";"
    KeyStmt@63..80
      Whitespace@63..68 "\n    "
      KeyKw@68..71 "key"
      Whitespace@71..72 " "
      Identifier@72..73 "a"
      Whitespace@73..74 " "
      Identifier@74..79 "minor"
      Semicolon@79..80 ";"
    MotifDecl@80..206
      Whitespace@80..86 "\n\n    "
      MotifKw@86..91 "motif"
      Whitespace@91..92 " "
      Identifier@92..96 "sigh"
      LParen@96..97 "("
      Identifier@97..101 "root"
      Colon@101..102 ":"
      Whitespace@102..103 " "
      PitchKw@103..108 "pitch"
      Whitespace@108..109 " "
      Equals@109..110 "="
      Whitespace@110..111 " "
      PitchLiteral@111..113 "e5"
      RParen@113..114 ")"
      Block@114..206
        Whitespace@114..115 " "
        LBrace@115..116 "{"
        NoteStmt@116..134
          Whitespace@116..125 "\n        "
          Identifier@125..129 "root"
          Whitespace@129..130 " "
          Rational@130..133 "1/2"
          Semicolon@133..134 ";"
        RestStmt@134..152
          Whitespace@134..143 "\n        "
          RestKw@143..147 "rest"
          Whitespace@147..148 " "
          Rational@148..151 "1/4"
          Semicolon@151..152 ";"
        NoteStmt@152..168
          Whitespace@152..161 "\n        "
          PitchLiteral@161..163 "c5"
          Whitespace@163..164 " "
          Rational@164..167 "1/2"
          Semicolon@167..168 ";"
        NoteStmt@168..184
          Whitespace@168..177 "\n        "
          PitchLiteral@177..179 "b4"
          Whitespace@179..180 " "
          Rational@180..183 "1/4"
          Semicolon@183..184 ";"
        NoteStmt@184..200
          Whitespace@184..193 "\n        "
          PitchLiteral@193..195 "a4"
          Whitespace@195..196 " "
          Rational@196..199 "1/2"
          Semicolon@199..200 ";"
        Whitespace@200..205 "\n    "
        RBrace@205..206 "}"
    ScoreDecl@206..728
      Whitespace@206..212 "\n\n    "
      ScoreKw@212..217 "score"
      Whitespace@217..218 " "
      LBrace@218..219 "{"
      PartDecl@219..431
        Whitespace@219..228 "\n        "
        PartKw@228..232 "part"
        Whitespace@232..233 " "
        Identifier@233..239 "violin"
        Whitespace@239..240 " "
        LBrace@240..241 "{"
        ClefStmt@241..266
          Whitespace@241..254 "\n            "
          ClefKw@254..258 "clef"
          Whitespace@258..259 " "
          Identifier@259..265 "treble"
          Semicolon@265..266 ";"
        VoiceDecl@266..421
          Whitespace@266..280 "\n\n            "
          VoiceKw@280..285 "voice"
          Whitespace@285..286 " "
          Identifier@286..290 "lead"
          Whitespace@290..291 " "
          LBrace@291..292 "{"
          UseStmt@292..320
            Whitespace@292..309 "\n                "
            UseKw@309..312 "use"
            Whitespace@312..313 " "
            Identifier@313..317 "sigh"
            LParen@317..318 "("
            RParen@318..319 ")"
            Semicolon@319..320 ";"
          TransposeStmt@320..407
            Whitespace@320..338 "\n\n                "
            TransposeKw@338..347 "transpose"
            Whitespace@347..348 " "
            DownKw@348..352 "down"
            Whitespace@352..353 " "
            IntervalLiteral@353..355 "P5"
            Block@355..407
              Whitespace@355..356 " "
              LBrace@356..357 "{"
              UseStmt@357..389
                Whitespace@357..378 "\n                    "
                UseKw@378..381 "use"
                Whitespace@381..382 " "
                Identifier@382..386 "sigh"
                LParen@386..387 "("
                RParen@387..388 ")"
                Semicolon@388..389 ";"
              Whitespace@389..406 "\n                "
              RBrace@406..407 "}"
          Whitespace@407..420 "\n            "
          RBrace@420..421 "}"
        Whitespace@421..430 "\n        "
        RBrace@430..431 "}"
      PartDecl@431..722
        Whitespace@431..441 "\n\n        "
        PartKw@441..445 "part"
        Whitespace@445..446 " "
        Identifier@446..453 "strings"
        Whitespace@453..454 " "
        LBrace@454..455 "{"
        VoiceDecl@455..584
          Whitespace@455..468 "\n            "
          VoiceKw@468..473 "voice"
          Whitespace@473..474 " "
          Identifier@474..479 "upper"
          Whitespace@479..480 " "
          LBrace@480..481 "{"
          NoteStmt@481..503
            Whitespace@481..498 "\n                "
            PitchLiteral@498..500 "c5"
            Whitespace@500..501 " "
            Integer@501..502 "1"
            Semicolon@502..503 ";"
          NoteStmt@503..525
            Whitespace@503..520 "\n                "
            PitchLiteral@520..522 "c5"
            Whitespace@522..523 " "
            Integer@523..524 "1"
            Semicolon@524..525 ";"
          NoteStmt@525..547
            Whitespace@525..542 "\n                "
            PitchLiteral@542..544 "a4"
            Whitespace@544..545 " "
            Integer@545..546 "1"
            Semicolon@546..547 ";"
          NoteStmt@547..570
            Whitespace@547..564 "\n                "
            PitchLiteral@564..567 "gs4"
            Whitespace@567..568 " "
            Integer@568..569 "1"
            Semicolon@569..570 ";"
          Whitespace@570..583 "\n            "
          RBrace@583..584 "}"
        VoiceDecl@584..712
          Whitespace@584..598 "\n\n            "
          VoiceKw@598..603 "voice"
          Whitespace@603..604 " "
          Identifier@604..608 "bass"
          Whitespace@608..609 " "
          LBrace@609..610 "{"
          NoteStmt@610..632
            Whitespace@610..627 "\n                "
            PitchLiteral@627..629 "a2"
            Whitespace@629..630 " "
            Integer@630..631 "1"
            Semicolon@631..632 ";"
          NoteStmt@632..654
            Whitespace@632..649 "\n                "
            PitchLiteral@649..651 "f2"
            Whitespace@651..652 " "
            Integer@652..653 "1"
            Semicolon@653..654 ";"
          NoteStmt@654..676
            Whitespace@654..671 "\n                "
            PitchLiteral@671..673 "d2"
            Whitespace@673..674 " "
            Integer@674..675 "1"
            Semicolon@675..676 ";"
          NoteStmt@676..698
            Whitespace@676..693 "\n                "
            PitchLiteral@693..695 "e2"
            Whitespace@695..696 " "
            Integer@696..697 "1"
            Semicolon@697..698 ";"
          Whitespace@698..711 "\n            "
          RBrace@711..712 "}"
        Whitespace@712..721 "\n        "
        RBrace@721..722 "}"
      Whitespace@722..727 "\n    "
      RBrace@727..728 "}"
    StudioDecl@728..1828
      Whitespace@728..734 "\n\n    "
      LineComment@734..802 "// The sound side (roadmap 7.1). Every stage here runs real DSP: the"
      Whitespace@802..807 "\n    "
      LineComment@807..879 "// oscillators and envelope are the voice, the filter and its modulation"
      Whitespace@879..884 "\n    "
      LineComment@884..955 "// shape it, and the hall is a send to a reverb bus that returns to the"
      Whitespace@955..960 "\n    "
      LineComment@960..970 "// master."
      Whitespace@970..975 "\n    "
      StudioKw@975..981 "studio"
      Whitespace@981..982 " "
      LBrace@982..983 "{"
      PatchDecl@983..1333
        Whitespace@983..992 "\n        "
        PatchKw@992..997 "patch"
        Whitespace@997..998 " "
        Identifier@998..1007 "glass_pad"
        Whitespace@1007..1008 " "
        LBrace@1008..1009 "{"
        SignalBinding@1009..1049
          Whitespace@1009..1022 "\n            "
          Identifier@1022..1029 "carrier"
          Whitespace@1029..1030 " "
          Equals@1030..1031 "="
          SignalChain@1031..1048
            CallExpr@1031..1048
              Whitespace@1031..1032 " "
              Identifier@1032..1042 "oscillator"
              ArgList@1042..1048
                LParen@1042..1043 "("
                Arg@1043..1047
                  NameRef@1043..1047
                    Identifier@1043..1047 "sine"
                RParen@1047..1048 ")"
          Semicolon@1048..1049 ";"
        SignalBinding@1049..1115
          Whitespace@1049..1062 "\n            "
          Identifier@1062..1069 "shimmer"
          Whitespace@1069..1070 " "
          Equals@1070..1071 "="
          SignalChain@1071..1114
            CallExpr@1071..1098
              Whitespace@1071..1072 " "
              Identifier@1072..1082 "oscillator"
              ArgList@1082..1098
                LParen@1082..1083 "("
                Arg@1083..1087
                  NameRef@1083..1087
                    Identifier@1083..1087 "sine"
                Comma@1087..1088 ","
                Arg@1088..1097
                  Whitespace@1088..1089 " "
                  Identifier@1089..1094 "ratio"
                  Colon@1094..1095 ":"
                  ValueLiteral@1095..1097
                    Whitespace@1095..1096 " "
                    Integer@1096..1097 "2"
                RParen@1097..1098 ")"
            Whitespace@1098..1099 " "
            PipeForward@1099..1101 "|>"
            CallExpr@1101..1114
              Whitespace@1101..1102 " "
              Identifier@1102..1106 "gain"
              ArgList@1106..1114
                LParen@1106..1107 "("
                Arg@1107..1113
                  ValueLiteral@1107..1113
                    Minus@1107..1108 "-"
                    Integer@1108..1110 "15"
                    Whitespace@1110..1111 " "
                    UnitDb@1111..1113 "dB"
                RParen@1113..1114 ")"
          Semicolon@1114..1115 ";"
        ChainStmt@1115..1323
          SignalChain@1115..1322
            CallExpr@1115..1150
              Whitespace@1115..1129 "\n\n            "
              Identifier@1129..1132 "mix"
              ArgList@1132..1150
                LParen@1132..1133 "("
                Arg@1133..1140
                  NameRef@1133..1140
                    Identifier@1133..1140 "carrier"
                Comma@1140..1141 ","
                Arg@1141..1149
                  NameRef@1141..1149
                    Whitespace@1141..1142 " "
                    Identifier@1142..1149 "shimmer"
                RParen@1149..1150 ")"
            Whitespace@1150..1167 "\n                "
            PipeForward@1167..1169 "|>"
            CallExpr@1169..1244
              Whitespace@1169..1170 " "
              Identifier@1170..1178 "envelope"
              ArgList@1178..1244
                LParen@1178..1179 "("
                Arg@1179..1243
                  CallExpr@1179..1243
                    Identifier@1179..1183 "adsr"
                    ArgList@1183..1243
                      LParen@1183..1184 "("
                      Arg@1184..1197
                        Identifier@1184..1190 "attack"
                        Colon@1190..1191 ":"
                        ValueLiteral@1191..1197
                          Whitespace@1191..1192 " "
                          Integer@1192..1194 "30"
                          Whitespace@1194..1195 " "
                          UnitMs@1195..1197 "ms"
                      Comma@1197..1198 ","
                      Arg@1198..1211
                        Whitespace@1198..1199 " "
                        Identifier@1199..1204 "decay"
                        Colon@1204..1205 ":"
                        ValueLiteral@1205..1211
                          Whitespace@1205..1206 " "
                          Float@1206..1209 "1.8"
                          Whitespace@1209..1210 " "
                          UnitS@1210..1211 "s"
                      Comma@1211..1212 ","
                      Arg@1212..1226
                        Whitespace@1212..1213 " "
                        Identifier@1213..1220 "sustain"
                        Colon@1220..1221 ":"
                        ValueLiteral@1221..1226
                          Whitespace@1221..1222 " "
                          Float@1222..1226 "0.65"
                      Comma@1226..1227 ","
                      Arg@1227..1242
                        Whitespace@1227..1228 " "
                        Identifier@1228..1235 "release"
                        Colon@1235..1236 ":"
                        ValueLiteral@1236..1242
                          Whitespace@1236..1237 " "
                          Float@1237..1240 "3.5"
                          Whitespace@1240..1241 " "
                          UnitS@1241..1242 "s"
                      RParen@1242..1243 ")"
                RParen@1243..1244 ")"
            Whitespace@1244..1261 "\n                "
            PipeForward@1261..1263 "|>"
            CallExpr@1263..1296
              Whitespace@1263..1264 " "
              Identifier@1264..1271 "lowpass"
              ArgList@1271..1296
                LParen@1271..1272 "("
                Arg@1272..1287
                  Identifier@1272..1278 "cutoff"
                  Colon@1278..1279 ":"
                  ValueLiteral@1279..1287
                    Whitespace@1279..1280 " "
                    Integer@1280..1284 "1400"
                    Whitespace@1284..1285 " "
                    UnitHz@1285..1287 "Hz"
                Comma@1287..1288 ","
                Arg@1288..1295
                  Whitespace@1288..1289 " "
                  Identifier@1289..1290 "q"
                  Colon@1290..1291 ":"
                  ValueLiteral@1291..1295
                    Whitespace@1291..1292 " "
                    Float@1292..1295 "0.7"
                RParen@1295..1296 ")"
            Whitespace@1296..1313 "\n                "
            PipeForward@1313..1315 "|>"
            NameRef@1315..1322
              Whitespace@1315..1316 " "
              OutputKw@1316..1322 "output"
          Semicolon@1322..1323 ";"
        Whitespace@1323..1332 "\n        "
        RBrace@1332..1333 "}"
      SignalBinding@1333..1444
        Whitespace@1333..1343 "\n\n        "
        Identifier@1343..1346 "lfo"
        Whitespace@1346..1347 " "
        Equals@1347..1348 "="
        SignalChain@1348..1443
          CallExpr@1348..1385
            Whitespace@1348..1349 " "
            Identifier@1349..1359 "oscillator"
            ArgList@1359..1385
              LParen@1359..1360 "("
              Arg@1360..1364
                NameRef@1360..1364
                  Identifier@1360..1364 "sine"
              Comma@1364..1365 ","
              Arg@1365..1384
                Whitespace@1365..1366 " "
                Identifier@1366..1375 "frequency"
                Colon@1375..1376 ":"
                ValueLiteral@1376..1384
                  Whitespace@1376..1377 " "
                  Float@1377..1381 "0.08"
                  Whitespace@1381..1382 " "
                  UnitHz@1382..1384 "Hz"
              RParen@1384..1385 ")"
          Whitespace@1385..1398 "\n            "
          PipeForward@1398..1400 "|>"
          CallExpr@1400..1414
            Whitespace@1400..1401 " "
            Identifier@1401..1406 "scale"
            ArgList@1406..1414
              LParen@1406..1407 "("
              Arg@1407..1413
                ValueLiteral@1407..1413
                  Integer@1407..1410 "250"
                  Whitespace@1410..1411 " "
                  UnitHz@1411..1413 "Hz"
              RParen@1413..1414 ")"
          Whitespace@1414..1427 "\n            "
          PipeForward@1427..1429 "|>"
          CallExpr@1429..1443
            Whitespace@1429..1430 " "
            Identifier@1430..1434 "bias"
            ArgList@1434..1443
              LParen@1434..1435 "("
              Arg@1435..1442
                ValueLiteral@1435..1442
                  Integer@1435..1439 "1400"
                  Whitespace@1439..1440 " "
                  UnitHz@1440..1442 "Hz"
              RParen@1442..1443 ")"
        Semicolon@1443..1444 ";"
      ModulateStmt@1444..1495
        Whitespace@1444..1454 "\n\n        "
        ModulateKw@1454..1462 "modulate"
        Whitespace@1462..1463 " "
        Identifier@1463..1466 "lfo"
        Whitespace@1466..1467 " "
        Arrow@1467..1469 "->"
        ParamPath@1469..1494
          Whitespace@1469..1470 " "
          Identifier@1470..1479 "glass_pad"
          Dot@1479..1480 "."
          Identifier@1480..1487 "lowpass"
          Dot@1487..1488 "."
          Identifier@1488..1494 "cutoff"
        Semicolon@1494..1495 ";"
      BusDecl@1495..1572
        Whitespace@1495..1505 "\n\n        "
        BusKw@1505..1508 "bus"
        Whitespace@1508..1509 " "
        Identifier@1509..1513 "hall"
        Whitespace@1513..1514 " "
        LBrace@1514..1515 "{"
        ChainStmt@1515..1562
          SignalChain@1515..1561
            CallExpr@1515..1561
              Whitespace@1515..1528 "\n            "
              Identifier@1528..1534 "reverb"
              ArgList@1534..1561
                LParen@1534..1535 "("
                Arg@1535..1545
                  Identifier@1535..1539 "room"
                  Colon@1539..1540 ":"
                  ValueLiteral@1540..1545
                    Whitespace@1540..1541 " "
                    Float@1541..1545 "0.82"
                Comma@1545..1546 ","
                Arg@1546..1560
                  Whitespace@1546..1547 " "
                  Identifier@1547..1554 "damping"
                  Colon@1554..1555 ":"
                  ValueLiteral@1555..1560
                    Whitespace@1555..1556 " "
                    Float@1556..1560 "0.55"
                RParen@1560..1561 ")"
          Semicolon@1561..1562 ";"
        Whitespace@1562..1571 "\n        "
        RBrace@1571..1572 "}"
      AssignStmt@1572..1609
        Whitespace@1572..1582 "\n\n        "
        AssignKw@1582..1588 "assign"
        Whitespace@1588..1589 " "
        Identifier@1589..1595 "violin"
        Whitespace@1595..1596 " "
        Arrow@1596..1598 "->"
        Whitespace@1598..1599 " "
        Identifier@1599..1608 "glass_pad"
        Semicolon@1608..1609 ";"
      AssignStmt@1609..1646
        Whitespace@1609..1618 "\n        "
        AssignKw@1618..1624 "assign"
        Whitespace@1624..1625 " "
        Identifier@1625..1632 "strings"
        Whitespace@1632..1633 " "
        Arrow@1633..1635 "->"
        Whitespace@1635..1636 " "
        Identifier@1636..1645 "glass_pad"
        Semicolon@1645..1646 ";"
      RouteStmt@1646..1679
        Whitespace@1646..1656 "\n\n        "
        RouteKw@1656..1661 "route"
        Whitespace@1661..1662 " "
        Identifier@1662..1668 "violin"
        Whitespace@1668..1669 " "
        Arrow@1669..1671 "->"
        Whitespace@1671..1672 " "
        MasterKw@1672..1678 "master"
        Semicolon@1678..1679 ";"
      RouteStmt@1679..1712
        Whitespace@1679..1688 "\n        "
        RouteKw@1688..1693 "route"
        Whitespace@1693..1694 " "
        Identifier@1694..1701 "strings"
        Whitespace@1701..1702 " "
        Arrow@1702..1704 "->"
        Whitespace@1704..1705 " "
        MasterKw@1705..1711 "master"
        Semicolon@1711..1712 ";"
      SendStmt@1712..1752
        Whitespace@1712..1722 "\n\n        "
        SendKw@1722..1726 "send"
        Whitespace@1726..1727 " "
        Identifier@1727..1733 "violin"
        Whitespace@1733..1734 " "
        Arrow@1734..1736 "->"
        Whitespace@1736..1737 " "
        Identifier@1737..1741 "hall"
        Whitespace@1741..1742 " "
        AtKw@1742..1744 "at"
        ValueLiteral@1744..1751
          Whitespace@1744..1745 " "
          Minus@1745..1746 "-"
          Integer@1746..1748 "18"
          Whitespace@1748..1749 " "
          UnitDb@1749..1751 "dB"
        Semicolon@1751..1752 ";"
      SendStmt@1752..1792
        Whitespace@1752..1761 "\n        "
        SendKw@1761..1765 "send"
        Whitespace@1765..1766 " "
        Identifier@1766..1773 "strings"
        Whitespace@1773..1774 " "
        Arrow@1774..1776 "->"
        Whitespace@1776..1777 " "
        Identifier@1777..1781 "hall"
        Whitespace@1781..1782 " "
        AtKw@1782..1784 "at"
        ValueLiteral@1784..1791
          Whitespace@1784..1785 " "
          Minus@1785..1786 "-"
          Integer@1786..1788 "14"
          Whitespace@1788..1789 " "
          UnitDb@1789..1791 "dB"
        Semicolon@1791..1792 ";"
      RouteStmt@1792..1822
        Whitespace@1792..1801 "\n        "
        RouteKw@1801..1806 "route"
        Whitespace@1806..1807 " "
        Identifier@1807..1811 "hall"
        Whitespace@1811..1812 " "
        Arrow@1812..1814 "->"
        Whitespace@1814..1815 " "
        MasterKw@1815..1821 "master"
        Semicolon@1821..1822 ";"
      Whitespace@1822..1827 "\n    "
      RBrace@1827..1828 "}"
    Whitespace@1828..1829 "\n"
    RBrace@1829..1830 "}"
  Whitespace@1830..1831 "\n"
