---
source: crates/musa-language/tests/parser.rs
expression: print_tree(&doc.syntax())
---
Root@0..369
  PieceDecl@0..368
    PieceKw@0..5 "piece"
    Whitespace@5..6 " "
    String@6..24 "\"Little Invention\""
    Whitespace@24..25 " "
    LBrace@25..26 "{"
    TempoStmt@26..50
      Whitespace@26..31 "\n    "
      TempoKw@31..36 "tempo"
      Whitespace@36..37 " "
      Identifier@37..44 "quarter"
      Whitespace@44..45 " "
      Equals@45..46 "="
      Whitespace@46..47 " "
      Integer@47..49 "96"
      Semicolon@49..50 ";"
    MeterStmt@50..65
      Whitespace@50..55 "\n    "
      MeterKw@55..60 "meter"
      Whitespace@60..61 " "
      Rational@61..64 "4/4"
      Semicolon@64..65 ";"
    KeyStmt@65..82
      Whitespace@65..70 "\n    "
      KeyKw@70..73 "key"
      Whitespace@73..74 " "
      Identifier@74..75 "c"
      Whitespace@75..76 " "
      Identifier@76..81 "major"
      Semicolon@81..82 ";"
    ScoreDecl@82..366
      Whitespace@82..88 "\n\n    "
      ScoreKw@88..93 "score"
      Whitespace@93..94 " "
      LBrace@94..95 "{"
      PartDecl@95..360
        Whitespace@95..104 "\n        "
        PartKw@104..108 "part"
        Whitespace@108..109 " "
        Identifier@109..114 "piano"
        Whitespace@114..115 " "
        LBrace@115..116 "{"
        ClefStmt@116..141
          Whitespace@116..129 "\n            "
          ClefKw@129..133 "clef"
          Whitespace@133..134 " "
          Identifier@134..140 "treble"
          Semicolon@140..141 ";"
        VoiceDecl@141..350
          Whitespace@141..155 "\n\n            "
          VoiceKw@155..160 "voice"
          Whitespace@160..161 " "
          Identifier@161..166 "right"
          Whitespace@166..167 " "
          LBrace@167..168 "{"
          NoteStmt@168..192
            Whitespace@168..185 "\n                "
            PitchLiteral@185..187 "c4"
            Whitespace@187..188 " "
            Rational@188..191 "1/4"
            Semicolon@191..192 ";"
          NoteStmt@192..216
            Whitespace@192..209 "\n                "
            PitchLiteral@209..211 "d4"
            Whitespace@211..212 " "
            Rational@212..215 "1/4"
            Semicolon@215..216 ";"
          NoteStmt@216..240
            Whitespace@216..233 "\n                "
            PitchLiteral@233..235 "e4"
            Whitespace@235..236 " "
            Rational@236..239 "1/4"
            Semicolon@239..240 ";"
          NoteStmt@240..264
            Whitespace@240..257 "\n                "
            PitchLiteral@257..259 "f4"
            Whitespace@259..260 " "
            Rational@260..263 "1/4"
            Semicolon@263..264 ";"
          NoteStmt@264..288
            Whitespace@264..281 "\n                "
            PitchLiteral@281..283 "g4"
            Whitespace@283..284 " "
            Rational@284..287 "1/2"
            Semicolon@287..288 ";"
          NoteStmt@288..312
            Whitespace@288..305 "\n                "
            PitchLiteral@305..307 "a4"
            Whitespace@307..308 " "
            Rational@308..311 "1/4"
            Semicolon@311..312 ";"
          NoteStmt@312..336
            Whitespace@312..329 "\n                "
            PitchLiteral@329..331 "b4"
            Whitespace@331..332 " "
            Rational@332..335 "1/4"
            Semicolon@335..336 ";"
          Whitespace@336..349 "\n            "
          RBrace@349..350 "}"
        Whitespace@350..359 "\n        "
        RBrace@359..360 "}"
      Whitespace@360..365 "\n    "
      RBrace@365..366 "}"
    Whitespace@366..367 "\n"
    RBrace@367..368 "}"
  Whitespace@368..369 "\n"
