---
source: crates/musa-language/tests/parser.rs
expression: print_tree(&doc.syntax())
---
Root@0..2195
  PieceDecl@0..2194
    PieceKw@0..5 "piece"
    Whitespace@5..6 " "
    String@6..22 "\"Glass Mountain\""
    Whitespace@22..23 " "
    LBrace@23..24 "{"
    FrontMatterStmt@24..63
      Whitespace@24..29 "\n    "
      SubtitleKw@29..37 "subtitle"
      Whitespace@37..38 " "
      String@38..62 "\"for violin and strings\""
      Semicolon@62..63 ";"
    FrontMatterStmt@63..84
      Whitespace@63..68 "\n    "
      ComposerKw@68..76 "composer"
      Whitespace@76..77 " "
      String@77..83 "\"musa\""
      Semicolon@83..84 ";"
    FrontMatterStmt@84..133
      Whitespace@84..89 "\n    "
      CopyrightKw@89..98 "copyright"
      Whitespace@98..99 " "
      String@99..132 "\"© 2026. Licensed CC BY-SA 4.0.\""
      Semicolon@132..133 ";"
    TempoStmt@133..158
      Whitespace@133..139 "\n\n    "
      TempoKw@139..144 "tempo"
      Whitespace@144..145 " "
      Identifier@145..152 "quarter"
      Whitespace@152..153 " "
      Equals@153..154 "="
      Whitespace@154..155 " "
      Integer@155..157 "72"
      Semicolon@157..158 ";"
    MeterStmt@158..173
      Whitespace@158..163 "\n    "
      MeterKw@163..168 "meter"
      Whitespace@168..169 " "
      Rational@169..172 "4/4"
      Semicolon@172..173 ";"
    KeyStmt@173..190
      Whitespace@173..178 "\n    "
      KeyKw@178..181 "key"
      PitchClass@181..183
        Whitespace@181..182 " "
        Identifier@182..183 "a"
      Whitespace@183..184 " "
      Identifier@184..189 "minor"
      Semicolon@189..190 ";"
    MotifDecl@190..316
      Whitespace@190..196 "\n\n    "
      MotifKw@196..201 "motif"
      Whitespace@201..202 " "
      Identifier@202..206 "sigh"
      LParen@206..207 "("
      Identifier@207..211 "root"
      Colon@211..212 ":"
      Whitespace@212..213 " "
      PitchKw@213..218 "pitch"
      Whitespace@218..219 " "
      Equals@219..220 "="
      Whitespace@220..221 " "
      PitchLiteral@221..223 "e5"
      RParen@223..224 ")"
      Block@224..316
        Whitespace@224..225 " "
        LBrace@225..226 "{"
        NoteStmt@226..244
          Whitespace@226..235 "\n        "
          Identifier@235..239 "root"
          Duration@239..243
            Whitespace@239..240 " "
            Rational@240..243 "1/2"
          Semicolon@243..244 ";"
        RestStmt@244..262
          Whitespace@244..253 "\n        "
          RestKw@253..257 "rest"
          Duration@257..261
            Whitespace@257..258 " "
            Rational@258..261 "1/4"
          Semicolon@261..262 ";"
        NoteStmt@262..278
          Whitespace@262..271 "\n        "
          PitchLiteral@271..273 "c5"
          Duration@273..277
            Whitespace@273..274 " "
            Rational@274..277 "1/2"
          Semicolon@277..278 ";"
        NoteStmt@278..294
          Whitespace@278..287 "\n        "
          PitchLiteral@287..289 "b4"
          Duration@289..293
            Whitespace@289..290 " "
            Rational@290..293 "1/4"
          Semicolon@293..294 ";"
        NoteStmt@294..310
          Whitespace@294..303 "\n        "
          PitchLiteral@303..305 "a4"
          Duration@305..309
            Whitespace@305..306 " "
            Rational@306..309 "1/2"
          Semicolon@309..310 ";"
        Whitespace@310..315 "\n    "
        RBrace@315..316 "}"
    ScoreDecl@316..1092
      Whitespace@316..322 "\n\n    "
      ScoreKw@322..327 "score"
      Whitespace@327..328 " "
      LBrace@328..329 "{"
      PartDecl@329..541
        Whitespace@329..338 "\n        "
        PartKw@338..342 "part"
        Whitespace@342..343 " "
        Identifier@343..349 "violin"
        Whitespace@349..350 " "
        LBrace@350..351 "{"
        ClefStmt@351..376
          Whitespace@351..364 "\n            "
          ClefKw@364..368 "clef"
          Whitespace@368..369 " "
          Identifier@369..375 "treble"
          Semicolon@375..376 ";"
        VoiceDecl@376..531
          Whitespace@376..390 "\n\n            "
          VoiceKw@390..395 "voice"
          Whitespace@395..396 " "
          Identifier@396..400 "lead"
          Whitespace@400..401 " "
          LBrace@401..402 "{"
          UseStmt@402..430
            Whitespace@402..419 "\n                "
            UseKw@419..422 "use"
            Whitespace@422..423 " "
            Identifier@423..427 "sigh"
            LParen@427..428 "("
            RParen@428..429 ")"
            Semicolon@429..430 ";"
          TransposeStmt@430..517
            Whitespace@430..448 "\n\n                "
            TransposeKw@448..457 "transpose"
            Whitespace@457..458 " "
            DownKw@458..462 "down"
            Whitespace@462..463 " "
            IntervalLiteral@463..465 "P5"
            Block@465..517
              Whitespace@465..466 " "
              LBrace@466..467 "{"
              UseStmt@467..499
                Whitespace@467..488 "\n                    "
                UseKw@488..491 "use"
                Whitespace@491..492 " "
                Identifier@492..496 "sigh"
                LParen@496..497 "("
                RParen@497..498 ")"
                Semicolon@498..499 ";"
              Whitespace@499..516 "\n                "
              RBrace@516..517 "}"
          Whitespace@517..530 "\n            "
          RBrace@530..531 "}"
        Whitespace@531..540 "\n        "
        RBrace@540..541 "}"
      PartDecl@541..1086
        Whitespace@541..551 "\n\n        "
        PartKw@551..555 "part"
        Whitespace@555..556 " "
        Identifier@556..563 "strings"
        Whitespace@563..564 " "
        LBrace@564..565 "{"
        VoiceDecl@565..694
          Whitespace@565..578 "\n            "
          VoiceKw@578..583 "voice"
          Whitespace@583..584 " "
          Identifier@584..589 "upper"
          Whitespace@589..590 " "
          LBrace@590..591 "{"
          NoteStmt@591..613
            Whitespace@591..608 "\n                "
            PitchLiteral@608..610 "c5"
            Duration@610..612
              Whitespace@610..611 " "
              Integer@611..612 "1"
            Semicolon@612..613 ";"
          NoteStmt@613..635
            Whitespace@613..630 "\n                "
            PitchLiteral@630..632 "c5"
            Duration@632..634
              Whitespace@632..633 " "
              Integer@633..634 "1"
            Semicolon@634..635 ";"
          NoteStmt@635..657
            Whitespace@635..652 "\n                "
            PitchLiteral@652..654 "a4"
            Duration@654..656
              Whitespace@654..655 " "
              Integer@655..656 "1"
            Semicolon@656..657 ";"
          NoteStmt@657..680
            Whitespace@657..674 "\n                "
            PitchLiteral@674..677 "g#4"
            Duration@677..679
              Whitespace@677..678 " "
              Integer@678..679 "1"
            Semicolon@679..680 ";"
          Whitespace@680..693 "\n            "
          RBrace@693..694 "}"
        VoiceDecl@694..1076
          Whitespace@694..708 "\n\n            "
          VoiceKw@708..713 "voice"
          Whitespace@713..714 " "
          Identifier@714..718 "bass"
          Whitespace@718..719 " "
          LBrace@719..720 "{"
          MarkStmt@720..1062
            Whitespace@720..737 "\n                "
            LineComment@737..795 "// Under the pedal for the whole descent: the harmony is a"
            Whitespace@795..812 "\n                "
            LineComment@812..870 "// wash rather than four separate chords, and the pedal is"
            Whitespace@870..887 "\n                "
            LineComment@887..911 "// where a page says so."
            Whitespace@911..928 "\n                "
            MarkKw@928..932 "mark"
            Whitespace@932..933 " "
            Identifier@933..938 "pedal"
            Block@938..1062
              Whitespace@938..939 " "
              LBrace@939..940 "{"
              NoteStmt@940..966
                Whitespace@940..961 "\n                    "
                PitchLiteral@961..963 "a2"
                Duration@963..965
                  Whitespace@963..964 " "
                  Integer@964..965 "1"
                Semicolon@965..966 ";"
              NoteStmt@966..992
                Whitespace@966..987 "\n                    "
                PitchLiteral@987..989 "f2"
                Duration@989..991
                  Whitespace@989..990 " "
                  Integer@990..991 "1"
                Semicolon@991..992 ";"
              NoteStmt@992..1018
                Whitespace@992..1013 "\n                    "
                PitchLiteral@1013..1015 "d2"
                Duration@1015..1017
                  Whitespace@1015..1016 " "
                  Integer@1016..1017 "1"
                Semicolon@1017..1018 ";"
              NoteStmt@1018..1044
                Whitespace@1018..1039 "\n                    "
                PitchLiteral@1039..1041 "e2"
                Duration@1041..1043
                  Whitespace@1041..1042 " "
                  Integer@1042..1043 "1"
                Semicolon@1043..1044 ";"
              Whitespace@1044..1061 "\n                "
              RBrace@1061..1062 "}"
          Whitespace@1062..1075 "\n            "
          RBrace@1075..1076 "}"
        Whitespace@1076..1085 "\n        "
        RBrace@1085..1086 "}"
      Whitespace@1086..1091 "\n    "
      RBrace@1091..1092 "}"
    StudioDecl@1092..2192
      Whitespace@1092..1098 "\n\n    "
      LineComment@1098..1166 "// The sound side (roadmap 7.1). Every stage here runs real DSP: the"
      Whitespace@1166..1171 "\n    "
      LineComment@1171..1243 "// oscillators and envelope are the voice, the filter and its modulation"
      Whitespace@1243..1248 "\n    "
      LineComment@1248..1319 "// shape it, and the hall is a send to a reverb bus that returns to the"
      Whitespace@1319..1324 "\n    "
      LineComment@1324..1334 "// master."
      Whitespace@1334..1339 "\n    "
      StudioKw@1339..1345 "studio"
      Whitespace@1345..1346 " "
      LBrace@1346..1347 "{"
      PatchDecl@1347..1697
        Whitespace@1347..1356 "\n        "
        PatchKw@1356..1361 "patch"
        Whitespace@1361..1362 " "
        Identifier@1362..1371 "glass_pad"
        Whitespace@1371..1372 " "
        LBrace@1372..1373 "{"
        SignalBinding@1373..1413
          Whitespace@1373..1386 "\n            "
          Identifier@1386..1393 "carrier"
          Whitespace@1393..1394 " "
          Equals@1394..1395 "="
          SignalChain@1395..1412
            CallExpr@1395..1412
              Whitespace@1395..1396 " "
              Identifier@1396..1406 "oscillator"
              ArgList@1406..1412
                LParen@1406..1407 "("
                Arg@1407..1411
                  NameRef@1407..1411
                    Identifier@1407..1411 "sine"
                RParen@1411..1412 ")"
          Semicolon@1412..1413 ";"
        SignalBinding@1413..1479
          Whitespace@1413..1426 "\n            "
          Identifier@1426..1433 "shimmer"
          Whitespace@1433..1434 " "
          Equals@1434..1435 "="
          SignalChain@1435..1478
            CallExpr@1435..1462
              Whitespace@1435..1436 " "
              Identifier@1436..1446 "oscillator"
              ArgList@1446..1462
                LParen@1446..1447 "("
                Arg@1447..1451
                  NameRef@1447..1451
                    Identifier@1447..1451 "sine"
                Comma@1451..1452 ","
                Arg@1452..1461
                  Whitespace@1452..1453 " "
                  Identifier@1453..1458 "ratio"
                  Colon@1458..1459 ":"
                  ValueLiteral@1459..1461
                    Whitespace@1459..1460 " "
                    Integer@1460..1461 "2"
                RParen@1461..1462 ")"
            Whitespace@1462..1463 " "
            PipeForward@1463..1465 "|>"
            CallExpr@1465..1478
              Whitespace@1465..1466 " "
              Identifier@1466..1470 "gain"
              ArgList@1470..1478
                LParen@1470..1471 "("
                Arg@1471..1477
                  ValueLiteral@1471..1477
                    Minus@1471..1472 "-"
                    Integer@1472..1474 "15"
                    Whitespace@1474..1475 " "
                    UnitDb@1475..1477 "dB"
                RParen@1477..1478 ")"
          Semicolon@1478..1479 ";"
        ChainStmt@1479..1687
          SignalChain@1479..1686
            CallExpr@1479..1514
              Whitespace@1479..1493 "\n\n            "
              Identifier@1493..1496 "mix"
              ArgList@1496..1514
                LParen@1496..1497 "("
                Arg@1497..1504
                  NameRef@1497..1504
                    Identifier@1497..1504 "carrier"
                Comma@1504..1505 ","
                Arg@1505..1513
                  NameRef@1505..1513
                    Whitespace@1505..1506 " "
                    Identifier@1506..1513 "shimmer"
                RParen@1513..1514 ")"
            Whitespace@1514..1531 "\n                "
            PipeForward@1531..1533 "|>"
            CallExpr@1533..1608
              Whitespace@1533..1534 " "
              Identifier@1534..1542 "envelope"
              ArgList@1542..1608
                LParen@1542..1543 "("
                Arg@1543..1607
                  CallExpr@1543..1607
                    Identifier@1543..1547 "adsr"
                    ArgList@1547..1607
                      LParen@1547..1548 "("
                      Arg@1548..1561
                        Identifier@1548..1554 "attack"
                        Colon@1554..1555 ":"
                        ValueLiteral@1555..1561
                          Whitespace@1555..1556 " "
                          Integer@1556..1558 "30"
                          Whitespace@1558..1559 " "
                          UnitMs@1559..1561 "ms"
                      Comma@1561..1562 ","
                      Arg@1562..1575
                        Whitespace@1562..1563 " "
                        Identifier@1563..1568 "decay"
                        Colon@1568..1569 ":"
                        ValueLiteral@1569..1575
                          Whitespace@1569..1570 " "
                          Float@1570..1573 "1.8"
                          Whitespace@1573..1574 " "
                          UnitS@1574..1575 "s"
                      Comma@1575..1576 ","
                      Arg@1576..1590
                        Whitespace@1576..1577 " "
                        Identifier@1577..1584 "sustain"
                        Colon@1584..1585 ":"
                        ValueLiteral@1585..1590
                          Whitespace@1585..1586 " "
                          Float@1586..1590 "0.65"
                      Comma@1590..1591 ","
                      Arg@1591..1606
                        Whitespace@1591..1592 " "
                        Identifier@1592..1599 "release"
                        Colon@1599..1600 ":"
                        ValueLiteral@1600..1606
                          Whitespace@1600..1601 " "
                          Float@1601..1604 "3.5"
                          Whitespace@1604..1605 " "
                          UnitS@1605..1606 "s"
                      RParen@1606..1607 ")"
                RParen@1607..1608 ")"
            Whitespace@1608..1625 "\n                "
            PipeForward@1625..1627 "|>"
            CallExpr@1627..1660
              Whitespace@1627..1628 " "
              Identifier@1628..1635 "lowpass"
              ArgList@1635..1660
                LParen@1635..1636 "("
                Arg@1636..1651
                  Identifier@1636..1642 "cutoff"
                  Colon@1642..1643 ":"
                  ValueLiteral@1643..1651
                    Whitespace@1643..1644 " "
                    Integer@1644..1648 "1400"
                    Whitespace@1648..1649 " "
                    UnitHz@1649..1651 "Hz"
                Comma@1651..1652 ","
                Arg@1652..1659
                  Whitespace@1652..1653 " "
                  Identifier@1653..1654 "q"
                  Colon@1654..1655 ":"
                  ValueLiteral@1655..1659
                    Whitespace@1655..1656 " "
                    Float@1656..1659 "0.7"
                RParen@1659..1660 ")"
            Whitespace@1660..1677 "\n                "
            PipeForward@1677..1679 "|>"
            NameRef@1679..1686
              Whitespace@1679..1680 " "
              OutputKw@1680..1686 "output"
          Semicolon@1686..1687 ";"
        Whitespace@1687..1696 "\n        "
        RBrace@1696..1697 "}"
      SignalBinding@1697..1808
        Whitespace@1697..1707 "\n\n        "
        Identifier@1707..1710 "lfo"
        Whitespace@1710..1711 " "
        Equals@1711..1712 "="
        SignalChain@1712..1807
          CallExpr@1712..1749
            Whitespace@1712..1713 " "
            Identifier@1713..1723 "oscillator"
            ArgList@1723..1749
              LParen@1723..1724 "("
              Arg@1724..1728
                NameRef@1724..1728
                  Identifier@1724..1728 "sine"
              Comma@1728..1729 ","
              Arg@1729..1748
                Whitespace@1729..1730 " "
                Identifier@1730..1739 "frequency"
                Colon@1739..1740 ":"
                ValueLiteral@1740..1748
                  Whitespace@1740..1741 " "
                  Float@1741..1745 "0.08"
                  Whitespace@1745..1746 " "
                  UnitHz@1746..1748 "Hz"
              RParen@1748..1749 ")"
          Whitespace@1749..1762 "\n            "
          PipeForward@1762..1764 "|>"
          CallExpr@1764..1778
            Whitespace@1764..1765 " "
            Identifier@1765..1770 "scale"
            ArgList@1770..1778
              LParen@1770..1771 "("
              Arg@1771..1777
                ValueLiteral@1771..1777
                  Integer@1771..1774 "250"
                  Whitespace@1774..1775 " "
                  UnitHz@1775..1777 "Hz"
              RParen@1777..1778 ")"
          Whitespace@1778..1791 "\n            "
          PipeForward@1791..1793 "|>"
          CallExpr@1793..1807
            Whitespace@1793..1794 " "
            Identifier@1794..1798 "bias"
            ArgList@1798..1807
              LParen@1798..1799 "("
              Arg@1799..1806
                ValueLiteral@1799..1806
                  Integer@1799..1803 "1400"
                  Whitespace@1803..1804 " "
                  UnitHz@1804..1806 "Hz"
              RParen@1806..1807 ")"
        Semicolon@1807..1808 ";"
      ModulateStmt@1808..1859
        Whitespace@1808..1818 "\n\n        "
        ModulateKw@1818..1826 "modulate"
        Whitespace@1826..1827 " "
        Identifier@1827..1830 "lfo"
        Whitespace@1830..1831 " "
        Arrow@1831..1833 "->"
        ParamPath@1833..1858
          Whitespace@1833..1834 " "
          Identifier@1834..1843 "glass_pad"
          Dot@1843..1844 "."
          Identifier@1844..1851 "lowpass"
          Dot@1851..1852 "."
          Identifier@1852..1858 "cutoff"
        Semicolon@1858..1859 ";"
      BusDecl@1859..1936
        Whitespace@1859..1869 "\n\n        "
        BusKw@1869..1872 "bus"
        Whitespace@1872..1873 " "
        Identifier@1873..1877 "hall"
        Whitespace@1877..1878 " "
        LBrace@1878..1879 "{"
        ChainStmt@1879..1926
          SignalChain@1879..1925
            CallExpr@1879..1925
              Whitespace@1879..1892 "\n            "
              Identifier@1892..1898 "reverb"
              ArgList@1898..1925
                LParen@1898..1899 "("
                Arg@1899..1909
                  Identifier@1899..1903 "room"
                  Colon@1903..1904 ":"
                  ValueLiteral@1904..1909
                    Whitespace@1904..1905 " "
                    Float@1905..1909 "0.82"
                Comma@1909..1910 ","
                Arg@1910..1924
                  Whitespace@1910..1911 " "
                  Identifier@1911..1918 "damping"
                  Colon@1918..1919 ":"
                  ValueLiteral@1919..1924
                    Whitespace@1919..1920 " "
                    Float@1920..1924 "0.55"
                RParen@1924..1925 ")"
          Semicolon@1925..1926 ";"
        Whitespace@1926..1935 "\n        "
        RBrace@1935..1936 "}"
      AssignStmt@1936..1973
        Whitespace@1936..1946 "\n\n        "
        AssignKw@1946..1952 "assign"
        Whitespace@1952..1953 " "
        Identifier@1953..1959 "violin"
        Whitespace@1959..1960 " "
        Arrow@1960..1962 "->"
        Whitespace@1962..1963 " "
        Identifier@1963..1972 "glass_pad"
        Semicolon@1972..1973 ";"
      AssignStmt@1973..2010
        Whitespace@1973..1982 "\n        "
        AssignKw@1982..1988 "assign"
        Whitespace@1988..1989 " "
        Identifier@1989..1996 "strings"
        Whitespace@1996..1997 " "
        Arrow@1997..1999 "->"
        Whitespace@1999..2000 " "
        Identifier@2000..2009 "glass_pad"
        Semicolon@2009..2010 ";"
      RouteStmt@2010..2043
        Whitespace@2010..2020 "\n\n        "
        RouteKw@2020..2025 "route"
        Whitespace@2025..2026 " "
        Identifier@2026..2032 "violin"
        Whitespace@2032..2033 " "
        Arrow@2033..2035 "->"
        Whitespace@2035..2036 " "
        MasterKw@2036..2042 "master"
        Semicolon@2042..2043 ";"
      RouteStmt@2043..2076
        Whitespace@2043..2052 "\n        "
        RouteKw@2052..2057 "route"
        Whitespace@2057..2058 " "
        Identifier@2058..2065 "strings"
        Whitespace@2065..2066 " "
        Arrow@2066..2068 "->"
        Whitespace@2068..2069 " "
        MasterKw@2069..2075 "master"
        Semicolon@2075..2076 ";"
      SendStmt@2076..2116
        Whitespace@2076..2086 "\n\n        "
        SendKw@2086..2090 "send"
        Whitespace@2090..2091 " "
        Identifier@2091..2097 "violin"
        Whitespace@2097..2098 " "
        Arrow@2098..2100 "->"
        Whitespace@2100..2101 " "
        Identifier@2101..2105 "hall"
        Whitespace@2105..2106 " "
        AtKw@2106..2108 "at"
        ValueLiteral@2108..2115
          Whitespace@2108..2109 " "
          Minus@2109..2110 "-"
          Integer@2110..2112 "18"
          Whitespace@2112..2113 " "
          UnitDb@2113..2115 "dB"
        Semicolon@2115..2116 ";"
      SendStmt@2116..2156
        Whitespace@2116..2125 "\n        "
        SendKw@2125..2129 "send"
        Whitespace@2129..2130 " "
        Identifier@2130..2137 "strings"
        Whitespace@2137..2138 " "
        Arrow@2138..2140 "->"
        Whitespace@2140..2141 " "
        Identifier@2141..2145 "hall"
        Whitespace@2145..2146 " "
        AtKw@2146..2148 "at"
        ValueLiteral@2148..2155
          Whitespace@2148..2149 " "
          Minus@2149..2150 "-"
          Integer@2150..2152 "14"
          Whitespace@2152..2153 " "
          UnitDb@2153..2155 "dB"
        Semicolon@2155..2156 ";"
      RouteStmt@2156..2186
        Whitespace@2156..2165 "\n        "
        RouteKw@2165..2170 "route"
        Whitespace@2170..2171 " "
        Identifier@2171..2175 "hall"
        Whitespace@2175..2176 " "
        Arrow@2176..2178 "->"
        Whitespace@2178..2179 " "
        MasterKw@2179..2185 "master"
        Semicolon@2185..2186 ";"
      Whitespace@2186..2191 "\n    "
      RBrace@2191..2192 "}"
    Whitespace@2192..2193 "\n"
    RBrace@2193..2194 "}"
  Whitespace@2194..2195 "\n"
