---
source: crates/musa-syntax/tests/suite/expression_syntax_laws.rs
expression: "kinds.into_iter().filter(|kind|\n{\n    matches!(kind, SyntaxKind::LetDecl | SyntaxKind::FnDecl |\n    SyntaxKind::FunctionType | SyntaxKind::ProductType |\n    SyntaxKind::ProductExpr | SyntaxKind::ListExpr | SyntaxKind::OptionExpr |\n    SyntaxKind::ResultExpr | SyntaxKind::ApplyExpr | SyntaxKind::LambdaExpr |\n    SyntaxKind::MatchExpr | SyntaxKind::MatchArm | SyntaxKind::MusicExpr |\n    SyntaxKind::UseStmt | SyntaxKind::NoteStmt)\n}).collect::<Vec<_>>()"
---
[
    LetDecl,
    LetDecl,
    ApplyExpr,
    ProductType,
    ApplyExpr,
    ListExpr,
    ProductExpr,
    OptionExpr,
    ProductExpr,
    OptionExpr,
    FnDecl,
    ApplyExpr,
    MatchExpr,
    MatchArm,
    MatchArm,
    FnDecl,
    FunctionType,
    ApplyExpr,
    LetDecl,
    ApplyExpr,
    LambdaExpr,
    ApplyExpr,
    OptionExpr,
    FnDecl,
    ApplyExpr,
    MatchExpr,
    MatchArm,
    MatchArm,
    LetDecl,
    ApplyExpr,
    ResultExpr,
    LetDecl,
    ApplyExpr,
    ResultExpr,
    FnDecl,
    ApplyExpr,
    MusicExpr,
    NoteStmt,
    UseStmt,
    ApplyExpr,
    NoteStmt,
]
