---
source: crates/musa-language/tests/suite/parser.rs
assertion_line: 96
expression: print_tree(&doc.syntax())
---
Root@0..2171
  PieceDecl@0..2170
    PieceKw@0..5 "piece"
    Whitespace@5..6 " "
    String@6..22 "\"Glass Mountain\""
    Whitespace@22..23 " "
    LBrace@23..24 "{"
    FrontMatterStmt@24..63
      Whitespace@24..29 "\n    "
      SubtitleKw@29..37 "subtitle"
      Whitespace@37..38 " "
      String@38..62 "\"for violin and strings\""
      Semicolon@62..63 ";"
    FrontMatterStmt@63..84
      Whitespace@63..68 "\n    "
      ComposerKw@68..76 "composer"
      Whitespace@76..77 " "
      String@77..83 "\"musa\""
      Semicolon@83..84 ";"
    FrontMatterStmt@84..133
      Whitespace@84..89 "\n    "
      CopyrightKw@89..98 "copyright"
      Whitespace@98..99 " "
      String@99..132 "\"© 2026. Licensed CC BY-SA 4.0.\""
      Semicolon@132..133 ";"
    TempoStmt@133..158
      Whitespace@133..139 "\n\n    "
      TempoKw@139..144 "tempo"
      Whitespace@144..145 " "
      Identifier@145..152 "quarter"
      Whitespace@152..153 " "
      Equals@153..154 "="
      Whitespace@154..155 " "
      Integer@155..157 "72"
      Semicolon@157..158 ";"
    MeterStmt@158..173
      Whitespace@158..163 "\n    "
      MeterKw@163..168 "meter"
      Whitespace@168..169 " "
      Rational@169..172 "4/4"
      Semicolon@172..173 ";"
    KeyStmt@173..190
      Whitespace@173..178 "\n    "
      KeyKw@178..181 "key"
      PitchClass@181..183
        Whitespace@181..182 " "
        Identifier@182..183 "a"
      Whitespace@183..184 " "
      Identifier@184..189 "minor"
      Semicolon@189..190 ";"
    MotifDecl@190..296
      Whitespace@190..196 "\n\n    "
      MotifKw@196..201 "motif"
      Whitespace@201..202 " "
      Identifier@202..206 "sigh"
      ParamList@206..219
        LParen@206..207 "("
        Param@207..218
          Identifier@207..211 "root"
          Colon@211..212 ":"
          Whitespace@212..213 " "
          TypeName@213..218
            Identifier@213..218 "Pitch"
        RParen@218..219 ")"
      Block@219..296
        Whitespace@219..220 " "
        LBrace@220..221 "{"
        NoteStmt@221..236
          Whitespace@221..230 "\n        "
          Identifier@230..234 "root"
          Duration@234..236
            Slash@234..235 "/"
            Integer@235..236 "2"
        RestStmt@236..251
          Whitespace@236..245 "\n        "
          RestKw@245..249 "rest"
          Duration@249..251
            Slash@249..250 "/"
            Integer@250..251 "4"
        NoteStmt@251..264
          Whitespace@251..260 "\n        "
          PitchLiteral@260..262 "c5"
          Duration@262..264
            Slash@262..263 "/"
            Integer@263..264 "2"
        NoteStmt@264..277
          Whitespace@264..273 "\n        "
          PitchLiteral@273..275 "b4"
          Duration@275..277
            Slash@275..276 "/"
            Integer@276..277 "4"
        NoteStmt@277..290
          Whitespace@277..286 "\n        "
          PitchLiteral@286..288 "a4"
          Duration@288..290
            Slash@288..289 "/"
            Integer@289..290 "2"
        Whitespace@290..295 "\n    "
        RBrace@295..296 "}"
    ScoreDecl@296..1068
      Whitespace@296..302 "\n\n    "
      ScoreKw@302..307 "score"
      Whitespace@307..308 " "
      LBrace@308..309 "{"
      PartDecl@309..525
        Whitespace@309..318 "\n        "
        PartKw@318..322 "part"
        Whitespace@322..323 " "
        Identifier@323..329 "violin"
        Whitespace@329..330 " "
        LBrace@330..331 "{"
        ClefStmt@331..356
          Whitespace@331..344 "\n            "
          ClefKw@344..348 "clef"
          Whitespace@348..349 " "
          Identifier@349..355 "treble"
          Semicolon@355..356 ";"
        VoiceDecl@356..515
          Whitespace@356..370 "\n\n            "
          VoiceKw@370..375 "voice"
          Whitespace@375..376 " "
          Identifier@376..380 "lead"
          Whitespace@380..381 " "
          LBrace@381..382 "{"
          UseStmt@382..412
            Whitespace@382..399 "\n                "
            UseKw@399..402 "use"
            ApplyExpr@402..411
              NameExpr@402..407
                Whitespace@402..403 " "
                Identifier@403..407 "sigh"
              ExprArgList@407..411
                LParen@407..408 "("
                ExprArg@408..410
                  LiteralExpr@408..410
                    PitchLiteral@408..410 "e5"
                RParen@410..411 ")"
            Semicolon@411..412 ";"
          TransposeStmt@412..501
            Whitespace@412..430 "\n\n                "
            TransposeKw@430..439 "transpose"
            Whitespace@439..440 " "
            DownKw@440..444 "down"
            Whitespace@444..445 " "
            IntervalLiteral@445..447 "P5"
            Block@447..501
              Whitespace@447..448 " "
              LBrace@448..449 "{"
              UseStmt@449..483
                Whitespace@449..470 "\n                    "
                UseKw@470..473 "use"
                ApplyExpr@473..482
                  NameExpr@473..478
                    Whitespace@473..474 " "
                    Identifier@474..478 "sigh"
                  ExprArgList@478..482
                    LParen@478..479 "("
                    ExprArg@479..481
                      LiteralExpr@479..481
                        PitchLiteral@479..481 "e5"
                    RParen@481..482 ")"
                Semicolon@482..483 ";"
              Whitespace@483..500 "\n                "
              RBrace@500..501 "}"
          Whitespace@501..514 "\n            "
          RBrace@514..515 "}"
        Whitespace@515..524 "\n        "
        RBrace@524..525 "}"
      PartDecl@525..1062
        Whitespace@525..535 "\n\n        "
        PartKw@535..539 "part"
        Whitespace@539..540 " "
        Identifier@540..547 "strings"
        Whitespace@547..548 " "
        LBrace@548..549 "{"
        VoiceDecl@549..674
          Whitespace@549..562 "\n            "
          VoiceKw@562..567 "voice"
          Whitespace@567..568 " "
          Identifier@568..573 "upper"
          Whitespace@573..574 " "
          LBrace@574..575 "{"
          NoteStmt@575..596
            Whitespace@575..592 "\n                "
            PitchLiteral@592..594 "c5"
            Duration@594..596
              Slash@594..595 "/"
              Integer@595..596 "1"
          NoteStmt@596..617
            Whitespace@596..613 "\n                "
            PitchLiteral@613..615 "c5"
            Duration@615..617
              Slash@615..616 "/"
              Integer@616..617 "1"
          NoteStmt@617..638
            Whitespace@617..634 "\n                "
            PitchLiteral@634..636 "a4"
            Duration@636..638
              Slash@636..637 "/"
              Integer@637..638 "1"
          NoteStmt@638..660
            Whitespace@638..655 "\n                "
            PitchLiteral@655..658 "g#4"
            Duration@658..660
              Slash@658..659 "/"
              Integer@659..660 "1"
          Whitespace@660..673 "\n            "
          RBrace@673..674 "}"
        VoiceDecl@674..1052
          Whitespace@674..688 "\n\n            "
          VoiceKw@688..693 "voice"
          Whitespace@693..694 " "
          Identifier@694..698 "bass"
          Whitespace@698..699 " "
          LBrace@699..700 "{"
          MarkStmt@700..1038
            Whitespace@700..717 "\n                "
            LineComment@717..775 "// Under the pedal for the whole descent: the harmony is a"
            Whitespace@775..792 "\n                "
            LineComment@792..850 "// wash rather than four separate chords, and the pedal is"
            Whitespace@850..867 "\n                "
            LineComment@867..891 "// where a page says so."
            Whitespace@891..908 "\n                "
            MarkKw@908..912 "mark"
            Whitespace@912..913 " "
            Identifier@913..918 "pedal"
            Block@918..1038
              Whitespace@918..919 " "
              LBrace@919..920 "{"
              NoteStmt@920..945
                Whitespace@920..941 "\n                    "
                PitchLiteral@941..943 "a2"
                Duration@943..945
                  Slash@943..944 "/"
                  Integer@944..945 "1"
              NoteStmt@945..970
                Whitespace@945..966 "\n                    "
                PitchLiteral@966..968 "f2"
                Duration@968..970
                  Slash@968..969 "/"
                  Integer@969..970 "1"
              NoteStmt@970..995
                Whitespace@970..991 "\n                    "
                PitchLiteral@991..993 "d2"
                Duration@993..995
                  Slash@993..994 "/"
                  Integer@994..995 "1"
              NoteStmt@995..1020
                Whitespace@995..1016 "\n                    "
                PitchLiteral@1016..1018 "e2"
                Duration@1018..1020
                  Slash@1018..1019 "/"
                  Integer@1019..1020 "1"
              Whitespace@1020..1037 "\n                "
              RBrace@1037..1038 "}"
          Whitespace@1038..1051 "\n            "
          RBrace@1051..1052 "}"
        Whitespace@1052..1061 "\n        "
        RBrace@1061..1062 "}"
      Whitespace@1062..1067 "\n    "
      RBrace@1067..1068 "}"
    StudioDecl@1068..2168
      Whitespace@1068..1074 "\n\n    "
      LineComment@1074..1142 "// The sound side (roadmap 7.1). Every stage here runs real DSP: the"
      Whitespace@1142..1147 "\n    "
      LineComment@1147..1219 "// oscillators and envelope are the voice, the filter and its modulation"
      Whitespace@1219..1224 "\n    "
      LineComment@1224..1295 "// shape it, and the hall is a send to a reverb bus that returns to the"
      Whitespace@1295..1300 "\n    "
      LineComment@1300..1310 "// master."
      Whitespace@1310..1315 "\n    "
      StudioKw@1315..1321 "studio"
      Whitespace@1321..1322 " "
      LBrace@1322..1323 "{"
      PatchDecl@1323..1673
        Whitespace@1323..1332 "\n        "
        PatchKw@1332..1337 "patch"
        Whitespace@1337..1338 " "
        Identifier@1338..1347 "glass_pad"
        Whitespace@1347..1348 " "
        LBrace@1348..1349 "{"
        SignalBinding@1349..1389
          Whitespace@1349..1362 "\n            "
          Identifier@1362..1369 "carrier"
          Whitespace@1369..1370 " "
          Equals@1370..1371 "="
          SignalChain@1371..1388
            CallExpr@1371..1388
              Whitespace@1371..1372 " "
              Identifier@1372..1382 "oscillator"
              ArgList@1382..1388
                LParen@1382..1383 "("
                Arg@1383..1387
                  NameRef@1383..1387
                    Identifier@1383..1387 "sine"
                RParen@1387..1388 ")"
          Semicolon@1388..1389 ";"
        SignalBinding@1389..1455
          Whitespace@1389..1402 "\n            "
          Identifier@1402..1409 "shimmer"
          Whitespace@1409..1410 " "
          Equals@1410..1411 "="
          SignalChain@1411..1454
            CallExpr@1411..1438
              Whitespace@1411..1412 " "
              Identifier@1412..1422 "oscillator"
              ArgList@1422..1438
                LParen@1422..1423 "("
                Arg@1423..1427
                  NameRef@1423..1427
                    Identifier@1423..1427 "sine"
                Comma@1427..1428 ","
                Arg@1428..1437
                  Whitespace@1428..1429 " "
                  Identifier@1429..1434 "ratio"
                  Colon@1434..1435 ":"
                  ValueLiteral@1435..1437
                    Whitespace@1435..1436 " "
                    Integer@1436..1437 "2"
                RParen@1437..1438 ")"
            Whitespace@1438..1439 " "
            PipeForward@1439..1441 "|>"
            CallExpr@1441..1454
              Whitespace@1441..1442 " "
              Identifier@1442..1446 "gain"
              ArgList@1446..1454
                LParen@1446..1447 "("
                Arg@1447..1453
                  ValueLiteral@1447..1453
                    Minus@1447..1448 "-"
                    Integer@1448..1450 "15"
                    Whitespace@1450..1451 " "
                    UnitDb@1451..1453 "dB"
                RParen@1453..1454 ")"
          Semicolon@1454..1455 ";"
        ChainStmt@1455..1663
          SignalChain@1455..1662
            CallExpr@1455..1490
              Whitespace@1455..1469 "\n\n            "
              Identifier@1469..1472 "mix"
              ArgList@1472..1490
                LParen@1472..1473 "("
                Arg@1473..1480
                  NameRef@1473..1480
                    Identifier@1473..1480 "carrier"
                Comma@1480..1481 ","
                Arg@1481..1489
                  NameRef@1481..1489
                    Whitespace@1481..1482 " "
                    Identifier@1482..1489 "shimmer"
                RParen@1489..1490 ")"
            Whitespace@1490..1507 "\n                "
            PipeForward@1507..1509 "|>"
            CallExpr@1509..1584
              Whitespace@1509..1510 " "
              Identifier@1510..1518 "envelope"
              ArgList@1518..1584
                LParen@1518..1519 "("
                Arg@1519..1583
                  CallExpr@1519..1583
                    Identifier@1519..1523 "adsr"
                    ArgList@1523..1583
                      LParen@1523..1524 "("
                      Arg@1524..1537
                        Identifier@1524..1530 "attack"
                        Colon@1530..1531 ":"
                        ValueLiteral@1531..1537
                          Whitespace@1531..1532 " "
                          Integer@1532..1534 "30"
                          Whitespace@1534..1535 " "
                          UnitMs@1535..1537 "ms"
                      Comma@1537..1538 ","
                      Arg@1538..1551
                        Whitespace@1538..1539 " "
                        Identifier@1539..1544 "decay"
                        Colon@1544..1545 ":"
                        ValueLiteral@1545..1551
                          Whitespace@1545..1546 " "
                          Float@1546..1549 "1.8"
                          Whitespace@1549..1550 " "
                          UnitS@1550..1551 "s"
                      Comma@1551..1552 ","
                      Arg@1552..1566
                        Whitespace@1552..1553 " "
                        Identifier@1553..1560 "sustain"
                        Colon@1560..1561 ":"
                        ValueLiteral@1561..1566
                          Whitespace@1561..1562 " "
                          Float@1562..1566 "0.65"
                      Comma@1566..1567 ","
                      Arg@1567..1582
                        Whitespace@1567..1568 " "
                        Identifier@1568..1575 "release"
                        Colon@1575..1576 ":"
                        ValueLiteral@1576..1582
                          Whitespace@1576..1577 " "
                          Float@1577..1580 "3.5"
                          Whitespace@1580..1581 " "
                          UnitS@1581..1582 "s"
                      RParen@1582..1583 ")"
                RParen@1583..1584 ")"
            Whitespace@1584..1601 "\n                "
            PipeForward@1601..1603 "|>"
            CallExpr@1603..1636
              Whitespace@1603..1604 " "
              Identifier@1604..1611 "lowpass"
              ArgList@1611..1636
                LParen@1611..1612 "("
                Arg@1612..1627
                  Identifier@1612..1618 "cutoff"
                  Colon@1618..1619 ":"
                  ValueLiteral@1619..1627
                    Whitespace@1619..1620 " "
                    Integer@1620..1624 "1400"
                    Whitespace@1624..1625 " "
                    UnitHz@1625..1627 "Hz"
                Comma@1627..1628 ","
                Arg@1628..1635
                  Whitespace@1628..1629 " "
                  Identifier@1629..1630 "q"
                  Colon@1630..1631 ":"
                  ValueLiteral@1631..1635
                    Whitespace@1631..1632 " "
                    Float@1632..1635 "0.7"
                RParen@1635..1636 ")"
            Whitespace@1636..1653 "\n                "
            PipeForward@1653..1655 "|>"
            NameRef@1655..1662
              Whitespace@1655..1656 " "
              OutputKw@1656..1662 "output"
          Semicolon@1662..1663 ";"
        Whitespace@1663..1672 "\n        "
        RBrace@1672..1673 "}"
      SignalBinding@1673..1784
        Whitespace@1673..1683 "\n\n        "
        Identifier@1683..1686 "lfo"
        Whitespace@1686..1687 " "
        Equals@1687..1688 "="
        SignalChain@1688..1783
          CallExpr@1688..1725
            Whitespace@1688..1689 " "
            Identifier@1689..1699 "oscillator"
            ArgList@1699..1725
              LParen@1699..1700 "("
              Arg@1700..1704
                NameRef@1700..1704
                  Identifier@1700..1704 "sine"
              Comma@1704..1705 ","
              Arg@1705..1724
                Whitespace@1705..1706 " "
                Identifier@1706..1715 "frequency"
                Colon@1715..1716 ":"
                ValueLiteral@1716..1724
                  Whitespace@1716..1717 " "
                  Float@1717..1721 "0.08"
                  Whitespace@1721..1722 " "
                  UnitHz@1722..1724 "Hz"
              RParen@1724..1725 ")"
          Whitespace@1725..1738 "\n            "
          PipeForward@1738..1740 "|>"
          CallExpr@1740..1754
            Whitespace@1740..1741 " "
            ScaleKw@1741..1746 "scale"
            ArgList@1746..1754
              LParen@1746..1747 "("
              Arg@1747..1753
                ValueLiteral@1747..1753
                  Integer@1747..1750 "250"
                  Whitespace@1750..1751 " "
                  UnitHz@1751..1753 "Hz"
              RParen@1753..1754 ")"
          Whitespace@1754..1767 "\n            "
          PipeForward@1767..1769 "|>"
          CallExpr@1769..1783
            Whitespace@1769..1770 " "
            Identifier@1770..1774 "bias"
            ArgList@1774..1783
              LParen@1774..1775 "("
              Arg@1775..1782
                ValueLiteral@1775..1782
                  Integer@1775..1779 "1400"
                  Whitespace@1779..1780 " "
                  UnitHz@1780..1782 "Hz"
              RParen@1782..1783 ")"
        Semicolon@1783..1784 ";"
      ModulateStmt@1784..1835
        Whitespace@1784..1794 "\n\n        "
        ModulateKw@1794..1802 "modulate"
        Whitespace@1802..1803 " "
        Identifier@1803..1806 "lfo"
        Whitespace@1806..1807 " "
        Arrow@1807..1809 "->"
        ParamPath@1809..1834
          Whitespace@1809..1810 " "
          Identifier@1810..1819 "glass_pad"
          Dot@1819..1820 "."
          Identifier@1820..1827 "lowpass"
          Dot@1827..1828 "."
          Identifier@1828..1834 "cutoff"
        Semicolon@1834..1835 ";"
      BusDecl@1835..1912
        Whitespace@1835..1845 "\n\n        "
        BusKw@1845..1848 "bus"
        Whitespace@1848..1849 " "
        Identifier@1849..1853 "hall"
        Whitespace@1853..1854 " "
        LBrace@1854..1855 "{"
        ChainStmt@1855..1902
          SignalChain@1855..1901
            CallExpr@1855..1901
              Whitespace@1855..1868 "\n            "
              Identifier@1868..1874 "reverb"
              ArgList@1874..1901
                LParen@1874..1875 "("
                Arg@1875..1885
                  Identifier@1875..1879 "room"
                  Colon@1879..1880 ":"
                  ValueLiteral@1880..1885
                    Whitespace@1880..1881 " "
                    Float@1881..1885 "0.82"
                Comma@1885..1886 ","
                Arg@1886..1900
                  Whitespace@1886..1887 " "
                  Identifier@1887..1894 "damping"
                  Colon@1894..1895 ":"
                  ValueLiteral@1895..1900
                    Whitespace@1895..1896 " "
                    Float@1896..1900 "0.55"
                RParen@1900..1901 ")"
          Semicolon@1901..1902 ";"
        Whitespace@1902..1911 "\n        "
        RBrace@1911..1912 "}"
      AssignStmt@1912..1949
        Whitespace@1912..1922 "\n\n        "
        AssignKw@1922..1928 "assign"
        Whitespace@1928..1929 " "
        Identifier@1929..1935 "violin"
        Whitespace@1935..1936 " "
        Arrow@1936..1938 "->"
        Whitespace@1938..1939 " "
        Identifier@1939..1948 "glass_pad"
        Semicolon@1948..1949 ";"
      AssignStmt@1949..1986
        Whitespace@1949..1958 "\n        "
        AssignKw@1958..1964 "assign"
        Whitespace@1964..1965 " "
        Identifier@1965..1972 "strings"
        Whitespace@1972..1973 " "
        Arrow@1973..1975 "->"
        Whitespace@1975..1976 " "
        Identifier@1976..1985 "glass_pad"
        Semicolon@1985..1986 ";"
      RouteStmt@1986..2019
        Whitespace@1986..1996 "\n\n        "
        RouteKw@1996..2001 "route"
        Whitespace@2001..2002 " "
        Identifier@2002..2008 "violin"
        Whitespace@2008..2009 " "
        Arrow@2009..2011 "->"
        Whitespace@2011..2012 " "
        MasterKw@2012..2018 "master"
        Semicolon@2018..2019 ";"
      RouteStmt@2019..2052
        Whitespace@2019..2028 "\n        "
        RouteKw@2028..2033 "route"
        Whitespace@2033..2034 " "
        Identifier@2034..2041 "strings"
        Whitespace@2041..2042 " "
        Arrow@2042..2044 "->"
        Whitespace@2044..2045 " "
        MasterKw@2045..2051 "master"
        Semicolon@2051..2052 ";"
      SendStmt@2052..2092
        Whitespace@2052..2062 "\n\n        "
        SendKw@2062..2066 "send"
        Whitespace@2066..2067 " "
        Identifier@2067..2073 "violin"
        Whitespace@2073..2074 " "
        Arrow@2074..2076 "->"
        Whitespace@2076..2077 " "
        Identifier@2077..2081 "hall"
        Whitespace@2081..2082 " "
        AtKw@2082..2084 "at"
        ValueLiteral@2084..2091
          Whitespace@2084..2085 " "
          Minus@2085..2086 "-"
          Integer@2086..2088 "18"
          Whitespace@2088..2089 " "
          UnitDb@2089..2091 "dB"
        Semicolon@2091..2092 ";"
      SendStmt@2092..2132
        Whitespace@2092..2101 "\n        "
        SendKw@2101..2105 "send"
        Whitespace@2105..2106 " "
        Identifier@2106..2113 "strings"
        Whitespace@2113..2114 " "
        Arrow@2114..2116 "->"
        Whitespace@2116..2117 " "
        Identifier@2117..2121 "hall"
        Whitespace@2121..2122 " "
        AtKw@2122..2124 "at"
        ValueLiteral@2124..2131
          Whitespace@2124..2125 " "
          Minus@2125..2126 "-"
          Integer@2126..2128 "14"
          Whitespace@2128..2129 " "
          UnitDb@2129..2131 "dB"
        Semicolon@2131..2132 ";"
      RouteStmt@2132..2162
        Whitespace@2132..2141 "\n        "
        RouteKw@2141..2146 "route"
        Whitespace@2146..2147 " "
        Identifier@2147..2151 "hall"
        Whitespace@2151..2152 " "
        Arrow@2152..2154 "->"
        Whitespace@2154..2155 " "
        MasterKw@2155..2161 "master"
        Semicolon@2161..2162 ";"
      Whitespace@2162..2167 "\n    "
      RBrace@2167..2168 "}"
    Whitespace@2168..2169 "\n"
    RBrace@2169..2170 "}"
  Whitespace@2170..2171 "\n"
