---
source: crates/musa/tests/cli.rs
expression: "String::from_utf8_lossy(&output.stderr)"
---
unknown-name

  × cannot find `sihg`
    ╭─[examples/broken/unknown-motif.musa:14:21]
 13 │                 use sigh(c5);
 14 │                 use sihg(e5);
    ·                     ──┬─
    ·                       ╰── here
 15 │                 rest/2
    ╰────
  help: did you mean `sigh`?

1 problem (1 error)
