---
source: crates/musa/tests/cli.rs
expression: "String::from_utf8_lossy(&output.stderr)"
---
misplaced

  × `step` needs a scale to count in
    ╭─[examples/broken/no-scale-in-force.musa:9:18]
  8 │                 c5/4
  9 │                 (c5 step 1)/4
    ·                  ────┬────
    ·                      ╰── no `in scale` encloses this
 10 │                 rest/2
    ╰────
  help: put the passage in `in scale c major { … }`, naming the collection this steps through

  note: an absent scale is never an implicit C major: a step is a coordinate move and a coordinate needs a system

1 problem (1 error)
