---
source: crates/musa-compiler/tests/elaboration.rs
expression: form
---
timeline 2 {
  occurrence 0|0|note:d4|1/2|193|200|[] from 0 to 1/2;
  occurrence 1|0|note:d3|1/2|385|392|[] from 0 to 1/2;
  occurrence *|*|key:d:minor||67|84|[] from 0 to 2;
  occurrence *|*|meter:4/4||52|67|[] from 0 to 2;
  occurrence 0|0|note:f4|1/2|201|208|[] from 1/2 to 1;
  occurrence 1|0|note:a2|1/2|393|400|[] from 1/2 to 1;
  occurrence 0|0|note:e4|1/2|233|240|[] from 1 to 3/2;
  occurrence 1|0|note:bf2|1/2|425|433|[] from 1 to 3/2;
  occurrence 0|0|note:a4|1/2|241|265|[] from 3/2 to 2;
  occurrence 0|0|note:d4|1/2|241|265|[] from 3/2 to 2;
  occurrence 0|0|note:fs4|1/2|241|265|[] from 3/2 to 2;
  occurrence 1|0|note:a2|1/2|434|441|[] from 3/2 to 2;
}
