---
source: crates/musa-compiler/tests/elaboration.rs
expression: form
---
timeline 2 {
  occurrence 0|0|note:d4|1/2|193|200|[] from 0 to 1/2;
  occurrence 1|0|note:d3|1/2|393|400|[] from 0 to 1/2;
  occurrence *|*|key:d:minor||67|84|[] from 0 to 2;
  occurrence *|*|meter:4/4||52|67|[] from 0 to 2;
  occurrence *|*|tempo:1/4=90::||28|52|[] from 0 to 2;
  occurrence 0|*|clef:treble||132|144|[] from 0 to 2;
  occurrence 1|*|clef:alto||334|344|[] from 0 to 2;
  occurrence 0|0|note:f4|1/2|201|208|[] from 1/2 to 1;
  occurrence 1|0|note:a2|1/2|401|408|[] from 1/2 to 1;
  occurrence 0|0|note:e4|1/2|233|240|[] from 1 to 3/2;
  occurrence 1|0|note:bb2|1/2|433|441|[] from 1 to 3/2;
  occurrence 0|0|note:a4|1/2|artic:fermata|241|273|[] from 3/2 to 2;
  occurrence 0|0|note:d4|1/2|artic:fermata|241|273|[] from 3/2 to 2;
  occurrence 0|0|note:f#4|1/2|artic:fermata|241|273|[] from 3/2 to 2;
  occurrence 1|0|note:a2|1/2|artic:fermata|442|457|[] from 3/2 to 2;
}
