---
source: crates/musa-compiler/tests/studio_laws.rs
expression: "format!(\"{studio:#?}\")"
---
StudioSpec {
    patches: {
        "glass_pad": Patch {
            nodes: [
                StudioNode {
                    processor: Oscillator,
                    label: Some(
                        "carrier",
                    ),
                    params: [
                        Value {
                            magnitude: 440.0,
                            unit: Hz,
                        },
                        Value {
                            magnitude: 1.0,
                            unit: Linear,
                        },
                    ],
                    param_spans: [
                        None,
                        None,
                    ],
                    span: Some(
                        SourceSpan {
                            start: 1141,
                            end: 1158,
                        },
                    ),
                    inputs: [],
                },
                StudioNode {
                    processor: Oscillator,
                    label: None,
                    params: [
                        Value {
                            magnitude: 440.0,
                            unit: Hz,
                        },
                        Value {
                            magnitude: 2.0,
                            unit: Linear,
                        },
                    ],
                    param_spans: [
                        None,
                        Some(
                            SourceSpan {
                                start: 1206,
                                end: 1207,
                            },
                        ),
                    ],
                    span: Some(
                        SourceSpan {
                            start: 1181,
                            end: 1208,
                        },
                    ),
                    inputs: [],
                },
                StudioNode {
                    processor: Gain,
                    label: Some(
                        "shimmer",
                    ),
                    params: [
                        Value {
                            magnitude: -15.0,
                            unit: Decibels,
                        },
                    ],
                    param_spans: [
                        Some(
                            SourceSpan {
                                start: 1217,
                                end: 1223,
                            },
                        ),
                    ],
                    span: Some(
                        SourceSpan {
                            start: 1211,
                            end: 1224,
                        },
                    ),
                    inputs: [
                        1,
                    ],
                },
                StudioNode {
                    processor: Mix,
                    label: None,
                    params: [],
                    param_spans: [],
                    span: Some(
                        SourceSpan {
                            start: 1225,
                            end: 1260,
                        },
                    ),
                    inputs: [
                        0,
                        2,
                    ],
                },
                StudioNode {
                    processor: Envelope,
                    label: None,
                    params: [
                        Value {
                            magnitude: 0.03,
                            unit: Seconds,
                        },
                        Value {
                            magnitude: 1.8,
                            unit: Seconds,
                        },
                        Value {
                            magnitude: 0.65,
                            unit: Linear,
                        },
                        Value {
                            magnitude: 3.5,
                            unit: Seconds,
                        },
                    ],
                    param_spans: [
                        Some(
                            SourceSpan {
                                start: 1302,
                                end: 1307,
                            },
                        ),
                        Some(
                            SourceSpan {
                                start: 1316,
                                end: 1321,
                            },
                        ),
                        Some(
                            SourceSpan {
                                start: 1332,
                                end: 1336,
                            },
                        ),
                        Some(
                            SourceSpan {
                                start: 1347,
                                end: 1352,
                            },
                        ),
                    ],
                    span: Some(
                        SourceSpan {
                            start: 1279,
                            end: 1354,
                        },
                    ),
                    inputs: [
                        3,
                    ],
                },
                StudioNode {
                    processor: Lowpass,
                    label: None,
                    params: [
                        Value {
                            magnitude: 1400.0,
                            unit: Hz,
                        },
                        Value {
                            magnitude: 0.7,
                            unit: Linear,
                        },
                    ],
                    param_spans: [
                        Some(
                            SourceSpan {
                                start: 1390,
                                end: 1397,
                            },
                        ),
                        Some(
                            SourceSpan {
                                start: 1402,
                                end: 1405,
                            },
                        ),
                    ],
                    span: Some(
                        SourceSpan {
                            start: 1373,
                            end: 1406,
                        },
                    ),
                    inputs: [
                        4,
                    ],
                },
            ],
            output: Some(
                5,
            ),
        },
    },
    buses: {
        "hall": Patch {
            nodes: [
                StudioNode {
                    processor: Reverb,
                    label: None,
                    params: [
                        Value {
                            magnitude: 0.82,
                            unit: Linear,
                        },
                        Value {
                            magnitude: 0.55,
                            unit: Linear,
                        },
                        Value {
                            magnitude: 1.0,
                            unit: Linear,
                        },
                    ],
                    param_spans: [
                        Some(
                            SourceSpan {
                                start: 1651,
                                end: 1655,
                            },
                        ),
                        Some(
                            SourceSpan {
                                start: 1666,
                                end: 1670,
                            },
                        ),
                        None,
                    ],
                    span: Some(
                        SourceSpan {
                            start: 1625,
                            end: 1671,
                        },
                    ),
                    inputs: [],
                },
            ],
            output: Some(
                0,
            ),
        },
    },
    signals: {
        "lfo": Patch {
            nodes: [
                StudioNode {
                    processor: Oscillator,
                    label: None,
                    params: [
                        Value {
                            magnitude: 0.08,
                            unit: Hz,
                        },
                        Value {
                            magnitude: 1.0,
                            unit: Linear,
                        },
                    ],
                    param_spans: [
                        Some(
                            SourceSpan {
                                start: 1487,
                                end: 1494,
                            },
                        ),
                        None,
                    ],
                    span: Some(
                        SourceSpan {
                            start: 1458,
                            end: 1495,
                        },
                    ),
                    inputs: [],
                },
                StudioNode {
                    processor: Scale,
                    label: None,
                    params: [
                        Value {
                            magnitude: 250.0,
                            unit: Hz,
                        },
                    ],
                    param_spans: [
                        Some(
                            SourceSpan {
                                start: 1517,
                                end: 1523,
                            },
                        ),
                    ],
                    span: Some(
                        SourceSpan {
                            start: 1510,
                            end: 1524,
                        },
                    ),
                    inputs: [
                        0,
                    ],
                },
                StudioNode {
                    processor: Bias,
                    label: None,
                    params: [
                        Value {
                            magnitude: 1400.0,
                            unit: Hz,
                        },
                    ],
                    param_spans: [
                        Some(
                            SourceSpan {
                                start: 1545,
                                end: 1552,
                            },
                        ),
                    ],
                    span: Some(
                        SourceSpan {
                            start: 1539,
                            end: 1553,
                        },
                    ),
                    inputs: [
                        1,
                    ],
                },
            ],
            output: Some(
                2,
            ),
        },
    },
    assignments: {
        "violin": Assignment {
            patch: "glass_pad",
            patch_span: Some(
                SourceSpan {
                    start: 1709,
                    end: 1718,
                },
            ),
        },
        "strings": Assignment {
            patch: "glass_pad",
            patch_span: Some(
                SourceSpan {
                    start: 1746,
                    end: 1755,
                },
            ),
        },
    },
    routes: [
        Route {
            source: "violin",
            destination: "master",
        },
        Route {
            source: "strings",
            destination: "master",
        },
        Route {
            source: "hall",
            destination: "master",
        },
    ],
    sends: [
        Send {
            source: "violin",
            bus: "hall",
            level: Value {
                magnitude: -18.0,
                unit: Decibels,
            },
            level_span: Some(
                SourceSpan {
                    start: 1855,
                    end: 1861,
                },
            ),
        },
        Send {
            source: "strings",
            bus: "hall",
            level: Value {
                magnitude: -14.0,
                unit: Decibels,
            },
            level_span: Some(
                SourceSpan {
                    start: 1895,
                    end: 1901,
                },
            ),
        },
    ],
    modulations: [
        Modulation {
            source: "lfo",
            patch: "glass_pad",
            node: 5,
            param: "cutoff",
        },
    ],
    span: Some(
        SourceSpan {
            start: 838,
            end: 1938,
        },
    ),
}
